<html>
<body>
<pre>
<h1>礦ision Build Log</h1>
<h2>Project:</h2>
C:\Users\zcy\Desktop\电动起落架 未调参 可实现功能 - 副本\Project\Button_Detect.uvproj
Project File Date:  09/03/2016

<h2>Output:</h2>
Build target 'Button_Detect'
compiling main.c...
linking...
Program Size: Code=4840 RO-data=1128 RW-data=44 ZI-data=1060  
FromELF: creating hex file...
".\obj\Button_Detect.axf" - 0 Errors, 0 Warning(s).
Rebuild target 'Button_Detect'
compiling system_MK20D5.c...
assembling startup_MK20D5.s...
compiling uart.c...
compiling gpio.c...
..\Drivers\gpio.c(19): warning:  #550-D: variable "GPIO_CallBackTable" was set but never used
compiling systick.c...
compiling exti.c...
compiling FTM.c...
compiling pit.c...
compiling main.c...
compiling kinetis_it.c...
linking...
Program Size: Code=4840 RO-data=1128 RW-data=44 ZI-data=1060  
FromELF: creating hex file...
".\obj\Button_Detect.axf" - 0 Errors, 1 Warning(s).
Load "C:\\Users\\zcy\\Desktop\\电动起落架 未调参 可实现功能 - 副本\\Project\\obj\\Button_Detect.axf" 
Set JLink Project File to "C:\Users\zcy\Desktop\电动起落架 未调参 可实现功能 - 副本\Project\JLinkSettings.ini"
* JLink Info: Device "MK20DN64XXX5" selected (64 KB flash, 16 KB RAM).
 
JLink info:
------------
DLL: V4.62 , compiled Jan 25 2013 15:19:47
Firmware: J-Link ARM V8 compiled Nov 28 2014 13:44:46
Hardware: V8.00
S/N : 304423265 
Feature(s) : RDI,FlashDL,FlashBP,JFlash,GDBFULL 
 
* JLink Info: TotalIRLen = 4, IRPrint = 0x01
* JLink Info: TotalIRLen = 4, IRPrint = 0x01
* JLink Info: Found Cortex-M4 r0p1, Little endian.
* JLink Info: TPIU fitted.
* JLink Info: FPUnit: 6 code (BP) slots and 2 literal slots
Found SWD-DP with ID 0x2BA01477
Unlocking device...
ROMTableAddr = 0xE00FF003
* JLink Info: Found SWD-DP with ID 0x2BA01477
* JLink Info: Found SWD-DP with ID 0x2BA01477
* JLink Info: TPIU fitted.
* JLink Info: FPUnit: 6 code (BP) slots and 2 literal slots
* JLink Info: Found Cortex-M4 r0p1, Little endian.
 
Target info:
------------
Device: MK20DN64xxx5
VTarget = 3.300V
State of Pins: 
TCK: 0, TDI: 1, TDO: 0, TMS: 1, TRES: 1, TRST: 1
Hardware-Breakpoints: 6
Software-Breakpoints: 8192
Watchpoints:          4
JTAG speed: 200 kHz
 
Full Chip Erase Done.
Programming Done.
Verify OK.
Application running ...
Build target 'Button_Detect'
compiling main.c...
linking...
Program Size: Code=4840 RO-data=1128 RW-data=44 ZI-data=1060  
FromELF: creating hex file...
".\obj\Button_Detect.axf" - 0 Errors, 0 Warning(s).
Load "C:\\Users\\zcy\\Desktop\\电动起落架 未调参 可实现功能 - 副本\\Project\\obj\\Button_Detect.axf" 
Set JLink Project File to "C:\Users\zcy\Desktop\电动起落架 未调参 可实现功能 - 副本\Project\JLinkSettings.ini"
* JLink Info: Device "MK20DN64XXX5" selected (64 KB flash, 16 KB RAM).
 
JLink info:
------------
DLL: V4.62 , compiled Jan 25 2013 15:19:47
Firmware: J-Link ARM V8 compiled Nov 28 2014 13:44:46
Hardware: V8.00
S/N : 304423265 
Feature(s) : RDI,FlashDL,FlashBP,JFlash,GDBFULL 
 
* JLink Info: TotalIRLen = 4, IRPrint = 0x01
* JLink Info: TotalIRLen = 4, IRPrint = 0x01
* JLink Info: Found Cortex-M4 r0p1, Little endian.
* JLink Info: TPIU fitted.
* JLink Info: FPUnit: 6 code (BP) slots and 2 literal slots
Found SWD-DP with ID 0x2BA01477
Unlocking device...
ROMTableAddr = 0xE00FF003
* JLink Info: Found SWD-DP with ID 0x2BA01477
* JLink Info: Found SWD-DP with ID 0x2BA01477
* JLink Info: TPIU fitted.
* JLink Info: FPUnit: 6 code (BP) slots and 2 literal slots
* JLink Info: Found Cortex-M4 r0p1, Little endian.
 
Target info:
------------
Device: MK20DN64xxx5
VTarget = 3.313V
State of Pins: 
TCK: 0, TDI: 1, TDO: 0, TMS: 1, TRES: 1, TRST: 1
Hardware-Breakpoints: 6
Software-Breakpoints: 8192
Watchpoints:          4
JTAG speed: 200 kHz
 
Full Chip Erase Done.
Programming Done.
Verify OK.
Application running ...
Rebuild target 'Button_Detect'
compiling system_MK20D5.c...
assembling startup_MK20D5.s...
compiling uart.c...
compiling gpio.c...
..\Drivers\gpio.c(19): warning:  #550-D: variable "GPIO_CallBackTable" was set but never used
compiling systick.c...
compiling exti.c...
compiling FTM.c...
compiling pit.c...
compiling main.c...
compiling kinetis_it.c...
linking...
Program Size: Code=4840 RO-data=1128 RW-data=44 ZI-data=1060  
FromELF: creating hex file...
".\obj\Button_Detect.axf" - 0 Errors, 1 Warning(s).
Load "C:\\Users\\zcy\\Desktop\\电动起落架 未调参 可实现功能 - 副本\\Project\\obj\\Button_Detect.axf" 
Set JLink Project File to "C:\Users\zcy\Desktop\电动起落架 未调参 可实现功能 - 副本\Project\JLinkSettings.ini"
* JLink Info: Device "MK20DN64XXX5" selected (64 KB flash, 16 KB RAM).
 
JLink info:
------------
DLL: V4.62 , compiled Jan 25 2013 15:19:47
Firmware: J-Link ARM V8 compiled Nov 28 2014 13:44:46
Hardware: V8.00
S/N : 304423265 
Feature(s) : RDI,FlashDL,FlashBP,JFlash,GDBFULL 
 
* JLink Info: TotalIRLen = 4, IRPrint = 0x01
* JLink Info: TotalIRLen = 4, IRPrint = 0x01
* JLink Info: Found Cortex-M4 r0p1, Little endian.
* JLink Info: TPIU fitted.
* JLink Info: FPUnit: 6 code (BP) slots and 2 literal slots
Found SWD-DP with ID 0x2BA01477
Unlocking device...
ROMTableAddr = 0xE00FF003
* JLink Info: Found SWD-DP with ID 0x2BA01477
* JLink Info: Found SWD-DP with ID 0x2BA01477
* JLink Info: TPIU fitted.
* JLink Info: FPUnit: 6 code (BP) slots and 2 literal slots
* JLink Info: Found Cortex-M4 r0p1, Little endian.
 
Target info:
------------
Device: MK20DN64xxx5
VTarget = 3.300V
State of Pins: 
TCK: 0, TDI: 1, TDO: 0, TMS: 1, TRES: 1, TRST: 1
Hardware-Breakpoints: 6
Software-Breakpoints: 8192
Watchpoints:          4
JTAG speed: 200 kHz
 
Full Chip Erase Done.
Programming Done.
Verify OK.
Application running ...
Rebuild target 'Button_Detect'
compiling system_MK20D5.c...
assembling startup_MK20D5.s...
compiling uart.c...
compiling gpio.c...
..\Drivers\gpio.c(19): warning:  #550-D: variable "GPIO_CallBackTable" was set but never used
compiling systick.c...
compiling exti.c...
compiling FTM.c...
compiling pit.c...
compiling main.c...
compiling kinetis_it.c...
linking...
Program Size: Code=4828 RO-data=1128 RW-data=44 ZI-data=1060  
FromELF: creating hex file...
".\obj\Button_Detect.axf" - 0 Errors, 1 Warning(s).
Load "C:\\Users\\zcy\\Desktop\\电动起落架 未调参 可实现功能 - 副本\\Project\\obj\\Button_Detect.axf" 
Set JLink Project File to "C:\Users\zcy\Desktop\电动起落架 未调参 可实现功能 - 副本\Project\JLinkSettings.ini"
* JLink Info: Device "MK20DN64XXX5" selected (64 KB flash, 16 KB RAM).
 
JLink info:
------------
DLL: V4.62 , compiled Jan 25 2013 15:19:47
Firmware: J-Link ARM V8 compiled Nov 28 2014 13:44:46
Hardware: V8.00
S/N : 304423265 
Feature(s) : RDI,FlashDL,FlashBP,JFlash,GDBFULL 
 
* JLink Info: TotalIRLen = 4, IRPrint = 0x01
* JLink Info: TotalIRLen = 4, IRPrint = 0x01
* JLink Info: Found Cortex-M4 r0p1, Little endian.
* JLink Info: TPIU fitted.
* JLink Info: FPUnit: 6 code (BP) slots and 2 literal slots
Found SWD-DP with ID 0x2BA01477
Unlocking device...
ROMTableAddr = 0xE00FF003
* JLink Info: Found SWD-DP with ID 0x2BA01477
* JLink Info: Found SWD-DP with ID 0x2BA01477
* JLink Info: TPIU fitted.
* JLink Info: FPUnit: 6 code (BP) slots and 2 literal slots
* JLink Info: Found Cortex-M4 r0p1, Little endian.
 
Target info:
------------
Device: MK20DN64xxx5
VTarget = 3.300V
State of Pins: 
TCK: 0, TDI: 1, TDO: 0, TMS: 1, TRES: 1, TRST: 1
Hardware-Breakpoints: 6
Software-Breakpoints: 8192
Watchpoints:          4
JTAG speed: 200 kHz
 
Full Chip Erase Done.
Programming Done.
Verify OK.
Application running ...
Load "C:\\Users\\zcy\\Desktop\\电动起落架 未调参 可实现功能 - 副本\\Project\\obj\\Button_Detect.axf" 
Set JLink Project File to "C:\Users\zcy\Desktop\电动起落架 未调参 可实现功能 - 副本\Project\JLinkSettings.ini"
* JLink Info: Device "MK20DN64XXX5" selected (64 KB flash, 16 KB RAM).
 
JLink info:
------------
DLL: V4.62 , compiled Jan 25 2013 15:19:47
Firmware: J-Link ARM V8 compiled Nov 28 2014 13:44:46
Hardware: V8.00
S/N : 304423265 
Feature(s) : RDI,FlashDL,FlashBP,JFlash,GDBFULL 
 
* JLink Info: TotalIRLen = 4, IRPrint = 0x01
* JLink Info: TotalIRLen = 4, IRPrint = 0x01
* JLink Info: Found Cortex-M4 r0p1, Little endian.
* JLink Info: TPIU fitted.
* JLink Info: FPUnit: 6 code (BP) slots and 2 literal slots
Found SWD-DP with ID 0x2BA01477
Unlocking device...
ROMTableAddr = 0xE00FF003
* JLink Info: Found SWD-DP with ID 0x2BA01477
* JLink Info: Found SWD-DP with ID 0x2BA01477
* JLink Info: TPIU fitted.
* JLink Info: FPUnit: 6 code (BP) slots and 2 literal slots
* JLink Info: Found Cortex-M4 r0p1, Little endian.
 
Target info:
------------
Device: MK20DN64xxx5
VTarget = 3.313V
State of Pins: 
TCK: 0, TDI: 1, TDO: 0, TMS: 1, TRES: 1, TRST: 1
Hardware-Breakpoints: 6
Software-Breakpoints: 8192
Watchpoints:          4
JTAG speed: 200 kHz
 
Full Chip Erase Done.
Programming Done.
Verify OK.
Application running ...
Load "C:\\Users\\zcy\\Desktop\\电动起落架 未调参 可实现功能 - 副本\\Project\\obj\\Button_Detect.axf" 
Set JLink Project File to "C:\Users\zcy\Desktop\电动起落架 未调参 可实现功能 - 副本\Project\JLinkSettings.ini"
* JLink Info: Device "MK20DN64XXX5" selected (64 KB flash, 16 KB RAM).
 
JLink info:
------------
DLL: V4.62 , compiled Jan 25 2013 15:19:47
Firmware: J-Link ARM V8 compiled Nov 28 2014 13:44:46
Hardware: V8.00
S/N : 304423265 
Feature(s) : RDI,FlashDL,FlashBP,JFlash,GDBFULL 
 
* JLink Info: TotalIRLen = 4, IRPrint = 0x01
* JLink Info: TotalIRLen = 4, IRPrint = 0x01
* JLink Info: Found Cortex-M4 r0p1, Little endian.
* JLink Info: TPIU fitted.
* JLink Info: FPUnit: 6 code (BP) slots and 2 literal slots
Found SWD-DP with ID 0x2BA01477
Unlocking device...
ROMTableAddr = 0xE00FF003
* JLink Info: Found SWD-DP with ID 0x2BA01477
* JLink Info: Found SWD-DP with ID 0x2BA01477
* JLink Info: TPIU fitted.
* JLink Info: FPUnit: 6 code (BP) slots and 2 literal slots
* JLink Info: Found Cortex-M4 r0p1, Little endian.
 
Target info:
------------
Device: MK20DN64xxx5
VTarget = 3.300V
State of Pins: 
TCK: 0, TDI: 1, TDO: 0, TMS: 1, TRES: 1, TRST: 1
Hardware-Breakpoints: 6
Software-Breakpoints: 8192
Watchpoints:          4
JTAG speed: 200 kHz
 
Full Chip Erase Done.
Programming Done.
Verify OK.
Application running ...
Build target 'Button_Detect'
compiling main.c...
linking...
Program Size: Code=4828 RO-data=1128 RW-data=44 ZI-data=1060  
FromELF: creating hex file...
".\obj\Button_Detect.axf" - 0 Errors, 0 Warning(s).
Load "C:\\Users\\zcy\\Desktop\\电动起落架 未调参 可实现功能 - 副本\\Project\\obj\\Button_Detect.axf" 
Set JLink Project File to "C:\Users\zcy\Desktop\电动起落架 未调参 可实现功能 - 副本\Project\JLinkSettings.ini"
* JLink Info: Device "MK20DN64XXX5" selected (64 KB flash, 16 KB RAM).
 
JLink info:
------------
DLL: V4.62 , compiled Jan 25 2013 15:19:47
Firmware: J-Link ARM V8 compiled Nov 28 2014 13:44:46
Hardware: V8.00
S/N : 304423265 
Feature(s) : RDI,FlashDL,FlashBP,JFlash,GDBFULL 
 
* JLink Info: TotalIRLen = 4, IRPrint = 0x01
* JLink Info: TotalIRLen = 4, IRPrint = 0x01
* JLink Info: Found Cortex-M4 r0p1, Little endian.
* JLink Info: TPIU fitted.
* JLink Info: FPUnit: 6 code (BP) slots and 2 literal slots
Found SWD-DP with ID 0x2BA01477
Unlocking device...
ROMTableAddr = 0xE00FF003
* JLink Info: Found SWD-DP with ID 0x2BA01477
* JLink Info: Found SWD-DP with ID 0x2BA01477
* JLink Info: TPIU fitted.
* JLink Info: FPUnit: 6 code (BP) slots and 2 literal slots
* JLink Info: Found Cortex-M4 r0p1, Little endian.
 
Target info:
------------
Device: MK20DN64xxx5
VTarget = 3.300V
State of Pins: 
TCK: 0, TDI: 1, TDO: 0, TMS: 1, TRES: 1, TRST: 1
Hardware-Breakpoints: 6
Software-Breakpoints: 8192
Watchpoints:          4
JTAG speed: 200 kHz
 
Full Chip Erase Done.
Programming Done.
Verify OK.
Application running ...
Load "C:\\Users\\zcy\\Desktop\\电动起落架 未调参 可实现功能 - 副本\\Project\\obj\\Button_Detect.axf" 
Set JLink Project File to "C:\Users\zcy\Desktop\电动起落架 未调参 可实现功能 - 副本\Project\JLinkSettings.ini"
* JLink Info: Device "MK20DN64XXX5" selected (64 KB flash, 16 KB RAM).
 
JLink info:
------------
DLL: V4.62 , compiled Jan 25 2013 15:19:47
Firmware: J-Link ARM V8 compiled Nov 28 2014 13:44:46
Hardware: V8.00
S/N : 304423265 
Feature(s) : RDI,FlashDL,FlashBP,JFlash,GDBFULL 
 
* JLink Info: TotalIRLen = 4, IRPrint = 0x01
* JLink Info: TotalIRLen = 4, IRPrint = 0x01
* JLink Info: Found Cortex-M4 r0p1, Little endian.
* JLink Info: TPIU fitted.
* JLink Info: FPUnit: 6 code (BP) slots and 2 literal slots
Found SWD-DP with ID 0x2BA01477
Unlocking device...
ROMTableAddr = 0xE00FF003
* JLink Info: Found SWD-DP with ID 0x2BA01477
* JLink Info: Found SWD-DP with ID 0x2BA01477
* JLink Info: TPIU fitted.
* JLink Info: FPUnit: 6 code (BP) slots and 2 literal slots
* JLink Info: Found Cortex-M4 r0p1, Little endian.
 
Target info:
------------
Device: MK20DN64xxx5
VTarget = 3.293V
State of Pins: 
TCK: 0, TDI: 1, TDO: 0, TMS: 1, TRES: 1, TRST: 1
Hardware-Breakpoints: 6
Software-Breakpoints: 8192
Watchpoints:          4
JTAG speed: 200 kHz
 
Full Chip Erase Done.
Programming Done.
Verify OK.
Application running ...
Load "C:\\Users\\zcy\\Desktop\\电动起落架 未调参 可实现功能 - 副本\\Project\\obj\\Button_Detect.axf" 
Set JLink Project File to "C:\Users\zcy\Desktop\电动起落架 未调参 可实现功能 - 副本\Project\JLinkSettings.ini"
* JLink Info: Device "MK20DN64XXX5" selected (64 KB flash, 16 KB RAM).
 
JLink info:
------------
DLL: V4.62 , compiled Jan 25 2013 15:19:47
Firmware: J-Link ARM V8 compiled Nov 28 2014 13:44:46
Hardware: V8.00
S/N : 304423265 
Feature(s) : RDI,FlashDL,FlashBP,JFlash,GDBFULL 
 
* JLink Info: TotalIRLen = 4, IRPrint = 0x01
* JLink Info: TotalIRLen = 4, IRPrint = 0x01
* JLink Info: Found Cortex-M4 r0p1, Little endian.
* JLink Info: TPIU fitted.
* JLink Info: FPUnit: 6 code (BP) slots and 2 literal slots
Found SWD-DP with ID 0x2BA01477
Unlocking device...
ROMTableAddr = 0xE00FF003
* JLink Info: Found SWD-DP with ID 0x2BA01477
* JLink Info: Found SWD-DP with ID 0x2BA01477
* JLink Info: TPIU fitted.
* JLink Info: FPUnit: 6 code (BP) slots and 2 literal slots
* JLink Info: Found Cortex-M4 r0p1, Little endian.
 
Target info:
------------
Device: MK20DN64xxx5
VTarget = 3.300V
State of Pins: 
TCK: 0, TDI: 1, TDO: 0, TMS: 1, TRES: 1, TRST: 1
Hardware-Breakpoints: 6
Software-Breakpoints: 8192
Watchpoints:          4
JTAG speed: 200 kHz
 
Full Chip Erase Done.
Programming Done.
Verify OK.
Application running ...
Load "C:\\Users\\zcy\\Desktop\\电动起落架 未调参 可实现功能 - 副本\\Project\\obj\\Button_Detect.axf" 
Set JLink Project File to "C:\Users\zcy\Desktop\电动起落架 未调参 可实现功能 - 副本\Project\JLinkSettings.ini"
* JLink Info: Device "MK20DN64XXX5" selected (64 KB flash, 16 KB RAM).
 
JLink info:
------------
DLL: V4.62 , compiled Jan 25 2013 15:19:47
Firmware: J-Link ARM V8 compiled Nov 28 2014 13:44:46
Hardware: V8.00
S/N : 304423265 
Feature(s) : RDI,FlashDL,FlashBP,JFlash,GDBFULL 
 
* JLink Info: TotalIRLen = 4, IRPrint = 0x01
* JLink Info: TotalIRLen = 4, IRPrint = 0x01
* JLink Info: Found Cortex-M4 r0p1, Little endian.
* JLink Info: TPIU fitted.
* JLink Info: FPUnit: 6 code (BP) slots and 2 literal slots
Found SWD-DP with ID 0x2BA01477
Unlocking device...
ROMTableAddr = 0xE00FF003
* JLink Info: Found SWD-DP with ID 0x2BA01477
* JLink Info: Found SWD-DP with ID 0x2BA01477
* JLink Info: TPIU fitted.
* JLink Info: FPUnit: 6 code (BP) slots and 2 literal slots
* JLink Info: Found Cortex-M4 r0p1, Little endian.
 
Target info:
------------
Device: MK20DN64xxx5
VTarget = 3.300V
State of Pins: 
TCK: 0, TDI: 1, TDO: 0, TMS: 1, TRES: 1, TRST: 1
Hardware-Breakpoints: 6
Software-Breakpoints: 8192
Watchpoints:          4
JTAG speed: 200 kHz
 
Full Chip Erase Done.
Programming Done.
Verify OK.
Application running ...
Load "C:\\Users\\zcy\\Desktop\\电动起落架 未调参 可实现功能 - 副本\\Project\\obj\\Button_Detect.axf" 
Set JLink Project File to "C:\Users\zcy\Desktop\电动起落架 未调参 可实现功能 - 副本\Project\JLinkSettings.ini"
* JLink Info: Device "MK20DN64XXX5" selected (64 KB flash, 16 KB RAM).
 
JLink info:
------------
DLL: V4.62 , compiled Jan 25 2013 15:19:47
Firmware: J-Link ARM V8 compiled Nov 28 2014 13:44:46
Hardware: V8.00
S/N : 304423265 
Feature(s) : RDI,FlashDL,FlashBP,JFlash,GDBFULL 
 
* JLink Info: TotalIRLen = 4, IRPrint = 0x01
* JLink Info: TotalIRLen = 4, IRPrint = 0x01
* JLink Info: Found Cortex-M4 r0p1, Little endian.
* JLink Info: TPIU fitted.
* JLink Info: FPUnit: 6 code (BP) slots and 2 literal slots
Found SWD-DP with ID 0x2BA01477
Unlocking device...
ROMTableAddr = 0xE00FF003
* JLink Info: Found SWD-DP with ID 0x2BA01477
* JLink Info: Found SWD-DP with ID 0x2BA01477
* JLink Info: TPIU fitted.
* JLink Info: FPUnit: 6 code (BP) slots and 2 literal slots
* JLink Info: Found Cortex-M4 r0p1, Little endian.
 
Target info:
------------
Device: MK20DN64xxx5
VTarget = 3.293V
State of Pins: 
TCK: 0, TDI: 1, TDO: 0, TMS: 1, TRES: 1, TRST: 1
Hardware-Breakpoints: 6
Software-Breakpoints: 8192
Watchpoints:          4
JTAG speed: 200 kHz
 
Full Chip Erase Done.
Programming Done.
Verify OK.
Application running ...
Rebuild target 'Button_Detect'
compiling system_MK20D5.c...
assembling startup_MK20D5.s...
compiling uart.c...
compiling gpio.c...
..\Drivers\gpio.c(19): warning:  #550-D: variable "GPIO_CallBackTable" was set but never used
compiling systick.c...
compiling exti.c...
compiling FTM.c...
compiling pit.c...
compiling main.c...
compiling kinetis_it.c...
linking...
Program Size: Code=4828 RO-data=1128 RW-data=44 ZI-data=1060  
FromELF: creating hex file...
".\obj\Button_Detect.axf" - 0 Errors, 1 Warning(s).
Load "C:\\Users\\zcy\\Desktop\\电动起落架 未调参 可实现功能 - 副本\\Project\\obj\\Button_Detect.axf" 
Set JLink Project File to "C:\Users\zcy\Desktop\电动起落架 未调参 可实现功能 - 副本\Project\JLinkSettings.ini"
* JLink Info: Device "MK20DN64XXX5" selected (64 KB flash, 16 KB RAM).
 
JLink info:
------------
DLL: V4.62 , compiled Jan 25 2013 15:19:47
Firmware: J-Link ARM V8 compiled Nov 28 2014 13:44:46
Hardware: V8.00
S/N : 304423265 
Feature(s) : RDI,FlashDL,FlashBP,JFlash,GDBFULL 
 
* JLink Info: TotalIRLen = 4, IRPrint = 0x01
* JLink Info: TotalIRLen = 4, IRPrint = 0x01
* JLink Info: Found Cortex-M4 r0p1, Little endian.
* JLink Info: TPIU fitted.
* JLink Info: FPUnit: 6 code (BP) slots and 2 literal slots
Found SWD-DP with ID 0x2BA01477
Unlocking device...
ROMTableAddr = 0xE00FF003
* JLink Info: Found SWD-DP with ID 0x2BA01477
* JLink Info: Found SWD-DP with ID 0x2BA01477
* JLink Info: TPIU fitted.
* JLink Info: FPUnit: 6 code (BP) slots and 2 literal slots
* JLink Info: Found Cortex-M4 r0p1, Little endian.
 
Target info:
------------
Device: MK20DN64xxx5
VTarget = 3.313V
State of Pins: 
TCK: 0, TDI: 1, TDO: 0, TMS: 1, TRES: 1, TRST: 1
Hardware-Breakpoints: 6
Software-Breakpoints: 8192
Watchpoints:          4
JTAG speed: 200 kHz
 
Full Chip Erase Done.
Programming Done.
Verify OK.
Application running ...
Load "C:\\Users\\zcy\\Desktop\\电动起落架 未调参 可实现功能 - 副本\\Project\\obj\\Button_Detect.axf" 
Set JLink Project File to "C:\Users\zcy\Desktop\电动起落架 未调参 可实现功能 - 副本\Project\JLinkSettings.ini"
* JLink Info: Device "MK20DN64XXX5" selected (64 KB flash, 16 KB RAM).
 
JLink info:
------------
DLL: V4.62 , compiled Jan 25 2013 15:19:47
Firmware: J-Link ARM V8 compiled Nov 28 2014 13:44:46
Hardware: V8.00
S/N : 304423265 
Feature(s) : RDI,FlashDL,FlashBP,JFlash,GDBFULL 
 
* JLink Info: TotalIRLen = 4, IRPrint = 0x01
* JLink Info: TotalIRLen = 4, IRPrint = 0x01
* JLink Info: Found Cortex-M4 r0p1, Little endian.
* JLink Info: TPIU fitted.
* JLink Info: FPUnit: 6 code (BP) slots and 2 literal slots
Found SWD-DP with ID 0x2BA01477
Unlocking device...
ROMTableAddr = 0xE00FF003
* JLink Info: Found SWD-DP with ID 0x2BA01477
* JLink Info: Found SWD-DP with ID 0x2BA01477
* JLink Info: TPIU fitted.
* JLink Info: FPUnit: 6 code (BP) slots and 2 literal slots
* JLink Info: Found Cortex-M4 r0p1, Little endian.
 
Target info:
------------
Device: MK20DN64xxx5
VTarget = 3.293V
State of Pins: 
TCK: 0, TDI: 1, TDO: 0, TMS: 1, TRES: 1, TRST: 1
Hardware-Breakpoints: 6
Software-Breakpoints: 8192
Watchpoints:          4
JTAG speed: 200 kHz
 
Full Chip Erase Done.
Programming Done.
Verify OK.
Application running ...
Rebuild target 'Button_Detect'
compiling system_MK20D5.c...
assembling startup_MK20D5.s...
compiling uart.c...
compiling gpio.c...
..\Drivers\gpio.c(19): warning:  #550-D: variable "GPIO_CallBackTable" was set but never used
compiling systick.c...
compiling exti.c...
compiling FTM.c...
compiling pit.c...
compiling main.c...
compiling kinetis_it.c...
linking...
Program Size: Code=4828 RO-data=1128 RW-data=44 ZI-data=1060  
FromELF: creating hex file...
".\obj\Button_Detect.axf" - 0 Errors, 1 Warning(s).
Load "C:\\Users\\zcy\\Desktop\\电动起落架 未调参 可实现功能 - 副本\\Project\\obj\\Button_Detect.axf" 
Set JLink Project File to "C:\Users\zcy\Desktop\电动起落架 未调参 可实现功能 - 副本\Project\JLinkSettings.ini"
* JLink Info: Device "MK20DN64XXX5" selected (64 KB flash, 16 KB RAM).
 
JLink info:
------------
DLL: V4.62 , compiled Jan 25 2013 15:19:47
Firmware: J-Link ARM V8 compiled Nov 28 2014 13:44:46
Hardware: V8.00
S/N : 304423265 
Feature(s) : RDI,FlashDL,FlashBP,JFlash,GDBFULL 
 
* JLink Info: TotalIRLen = 4, IRPrint = 0x01
* JLink Info: TotalIRLen = 4, IRPrint = 0x01
* JLink Info: Found Cortex-M4 r0p1, Little endian.
* JLink Info: TPIU fitted.
* JLink Info: FPUnit: 6 code (BP) slots and 2 literal slots
Found SWD-DP with ID 0x2BA01477
Unlocking device...
ROMTableAddr = 0xE00FF003
* JLink Info: Found SWD-DP with ID 0x2BA01477
* JLink Info: Found SWD-DP with ID 0x2BA01477
* JLink Info: TPIU fitted.
* JLink Info: FPUnit: 6 code (BP) slots and 2 literal slots
* JLink Info: Found Cortex-M4 r0p1, Little endian.
 
Target info:
------------
Device: MK20DN64xxx5
VTarget = 3.293V
State of Pins: 
TCK: 0, TDI: 1, TDO: 0, TMS: 1, TRES: 1, TRST: 1
Hardware-Breakpoints: 6
Software-Breakpoints: 8192
Watchpoints:          4
JTAG speed: 200 kHz
 
Full Chip Erase Done.
Programming Done.
Verify OK.
Application running ...
Rebuild target 'Button_Detect'
compiling system_MK20D5.c...
assembling startup_MK20D5.s...
compiling uart.c...
compiling gpio.c...
..\Drivers\gpio.c(19): warning:  #550-D: variable "GPIO_CallBackTable" was set but never used
compiling systick.c...
compiling exti.c...
compiling FTM.c...
compiling pit.c...
compiling main.c...
compiling kinetis_it.c...
linking...
Program Size: Code=4828 RO-data=1128 RW-data=44 ZI-data=1060  
FromELF: creating hex file...
".\obj\Button_Detect.axf" - 0 Errors, 1 Warning(s).
Load "C:\\Users\\zcy\\Desktop\\电动起落架 未调参 可实现功能 - 副本\\Project\\obj\\Button_Detect.axf" 
Set JLink Project File to "C:\Users\zcy\Desktop\电动起落架 未调参 可实现功能 - 副本\Project\JLinkSettings.ini"
* JLink Info: Device "MK20DN64XXX5" selected (64 KB flash, 16 KB RAM).
 
JLink info:
------------
DLL: V4.62 , compiled Jan 25 2013 15:19:47
Firmware: J-Link ARM V8 compiled Nov 28 2014 13:44:46
Hardware: V8.00
S/N : 304423265 
Feature(s) : RDI,FlashDL,FlashBP,JFlash,GDBFULL 
 
* JLink Info: TotalIRLen = 4, IRPrint = 0x01
* JLink Info: TotalIRLen = 4, IRPrint = 0x01
* JLink Info: Found Cortex-M4 r0p1, Little endian.
* JLink Info: TPIU fitted.
* JLink Info: FPUnit: 6 code (BP) slots and 2 literal slots
Found SWD-DP with ID 0x2BA01477
Unlocking device...
ROMTableAddr = 0xE00FF003
* JLink Info: Found SWD-DP with ID 0x2BA01477
* JLink Info: Found SWD-DP with ID 0x2BA01477
* JLink Info: TPIU fitted.
* JLink Info: FPUnit: 6 code (BP) slots and 2 literal slots
* JLink Info: Found Cortex-M4 r0p1, Little endian.
 
Target info:
------------
Device: MK20DN64xxx5
VTarget = 3.293V
State of Pins: 
TCK: 0, TDI: 1, TDO: 0, TMS: 1, TRES: 1, TRST: 1
Hardware-Breakpoints: 6
Software-Breakpoints: 8192
Watchpoints:          4
JTAG speed: 200 kHz
 
Full Chip Erase Done.
Programming Done.
Verify OK.
Application running ...
Rebuild target 'Button_Detect'
compiling system_MK20D5.c...
assembling startup_MK20D5.s...
compiling uart.c...
compiling gpio.c...
..\Drivers\gpio.c(19): warning:  #550-D: variable "GPIO_CallBackTable" was set but never used
compiling systick.c...
compiling exti.c...
compiling FTM.c...
compiling pit.c...
compiling main.c...
compiling kinetis_it.c...
linking...
Program Size: Code=4828 RO-data=1128 RW-data=44 ZI-data=1060  
FromELF: creating hex file...
".\obj\Button_Detect.axf" - 0 Errors, 1 Warning(s).
Load "C:\\Users\\zcy\\Desktop\\电动起落架 未调参 可实现功能 - 副本\\Project\\obj\\Button_Detect.axf" 
Set JLink Project File to "C:\Users\zcy\Desktop\电动起落架 未调参 可实现功能 - 副本\Project\JLinkSettings.ini"
* JLink Info: Device "MK20DN64XXX5" selected (64 KB flash, 16 KB RAM).
 
JLink info:
------------
DLL: V4.62 , compiled Jan 25 2013 15:19:47
Firmware: J-Link ARM V8 compiled Nov 28 2014 13:44:46
Hardware: V8.00
S/N : 304423265 
Feature(s) : RDI,FlashDL,FlashBP,JFlash,GDBFULL 
 
* JLink Info: TotalIRLen = 4, IRPrint = 0x01
* JLink Info: TotalIRLen = 4, IRPrint = 0x01
* JLink Info: Found Cortex-M4 r0p1, Little endian.
* JLink Info: TPIU fitted.
* JLink Info: FPUnit: 6 code (BP) slots and 2 literal slots
Found SWD-DP with ID 0x2BA01477
Unlocking device...
ROMTableAddr = 0xE00FF003
* JLink Info: Found SWD-DP with ID 0x2BA01477
* JLink Info: Found SWD-DP with ID 0x2BA01477
* JLink Info: TPIU fitted.
* JLink Info: FPUnit: 6 code (BP) slots and 2 literal slots
* JLink Info: Found Cortex-M4 r0p1, Little endian.
 
Target info:
------------
Device: MK20DN64xxx5
VTarget = 3.293V
State of Pins: 
TCK: 0, TDI: 1, TDO: 0, TMS: 1, TRES: 1, TRST: 1
Hardware-Breakpoints: 6
Software-Breakpoints: 8192
Watchpoints:          4
JTAG speed: 200 kHz
 
Full Chip Erase Done.
Programming Done.
Verify OK.
Application running ...
Build target 'Button_Detect'
compiling main.c...
linking...
Program Size: Code=4828 RO-data=1128 RW-data=44 ZI-data=1060  
FromELF: creating hex file...
".\obj\Button_Detect.axf" - 0 Errors, 0 Warning(s).
Load "C:\\Users\\zcy\\Desktop\\电动起落架 未调参 可实现功能 - 副本\\Project\\obj\\Button_Detect.axf" 
Set JLink Project File to "C:\Users\zcy\Desktop\电动起落架 未调参 可实现功能 - 副本\Project\JLinkSettings.ini"
* JLink Info: Device "MK20DN64XXX5" selected (64 KB flash, 16 KB RAM).
 
JLink info:
------------
DLL: V4.62 , compiled Jan 25 2013 15:19:47
Firmware: J-Link ARM V8 compiled Nov 28 2014 13:44:46
Hardware: V8.00
S/N : 304423265 
Feature(s) : RDI,FlashDL,FlashBP,JFlash,GDBFULL 
 
* JLink Info: TotalIRLen = 4, IRPrint = 0x01
* JLink Info: TotalIRLen = 4, IRPrint = 0x01
* JLink Info: Found Cortex-M4 r0p1, Little endian.
* JLink Info: TPIU fitted.
* JLink Info: FPUnit: 6 code (BP) slots and 2 literal slots
Found SWD-DP with ID 0x2BA01477
Unlocking device...
ROMTableAddr = 0xE00FF003
* JLink Info: Found SWD-DP with ID 0x2BA01477
* JLink Info: Found SWD-DP with ID 0x2BA01477
* JLink Info: TPIU fitted.
* JLink Info: FPUnit: 6 code (BP) slots and 2 literal slots
* JLink Info: Found Cortex-M4 r0p1, Little endian.
 
Target info:
------------
Device: MK20DN64xxx5
VTarget = 3.313V
State of Pins: 
TCK: 0, TDI: 1, TDO: 0, TMS: 1, TRES: 1, TRST: 1
Hardware-Breakpoints: 6
Software-Breakpoints: 8192
Watchpoints:          4
JTAG speed: 200 kHz
 
Full Chip Erase Done.
Programming Done.
Verify OK.
Application running ...
