<!doctype html public "-//w3c//dtd html 4.0 transitional//en">
<html><head>
<title>Static Call Graph - [.\obj\Button_Detect.axf]</title></head>
<body><HR>
<H1>Static Call Graph for image .\obj\Button_Detect.axf</H1><HR>
<BR><P>#&#060CALLGRAPH&#062# ARM Linker, 5.03 [Build 76]: Last Updated: Fri Sep 09 18:41:59 2016
<BR><P>
<H3>Maximum Stack Usage =         40 bytes + Unknown(Cycles, Untraceable Function Pointers)</H3><H3>
Call chain for Maximum Stack Depth:</H3>
main &rArr; GPIO_QuickInit &rArr; GPIO_Init &rArr; PORT_PinPullConfig
<P>
<H3>
Mutually Recursive functions
</H3> <LI><a href="#[1]">NMI_Handler</a>&nbsp;&nbsp;&nbsp;&rArr;&nbsp;&nbsp;&nbsp;<a href="#[1]">NMI_Handler</a><BR>
 <LI><a href="#[2]">HardFault_Handler</a>&nbsp;&nbsp;&nbsp;&rArr;&nbsp;&nbsp;&nbsp;<a href="#[2]">HardFault_Handler</a><BR>
 <LI><a href="#[3]">MemManage_Handler</a>&nbsp;&nbsp;&nbsp;&rArr;&nbsp;&nbsp;&nbsp;<a href="#[3]">MemManage_Handler</a><BR>
 <LI><a href="#[4]">BusFault_Handler</a>&nbsp;&nbsp;&nbsp;&rArr;&nbsp;&nbsp;&nbsp;<a href="#[4]">BusFault_Handler</a><BR>
 <LI><a href="#[5]">UsageFault_Handler</a>&nbsp;&nbsp;&nbsp;&rArr;&nbsp;&nbsp;&nbsp;<a href="#[5]">UsageFault_Handler</a><BR>
 <LI><a href="#[6]">SVC_Handler</a>&nbsp;&nbsp;&nbsp;&rArr;&nbsp;&nbsp;&nbsp;<a href="#[6]">SVC_Handler</a><BR>
 <LI><a href="#[7]">DebugMon_Handler</a>&nbsp;&nbsp;&nbsp;&rArr;&nbsp;&nbsp;&nbsp;<a href="#[7]">DebugMon_Handler</a><BR>
 <LI><a href="#[8]">PendSV_Handler</a>&nbsp;&nbsp;&nbsp;&rArr;&nbsp;&nbsp;&nbsp;<a href="#[8]">PendSV_Handler</a><BR>
 <LI><a href="#[20]">ADC0_IRQHandler</a>&nbsp;&nbsp;&nbsp;&rArr;&nbsp;&nbsp;&nbsp;<a href="#[20]">ADC0_IRQHandler</a><BR>
</UL>
<P>
<H3>
Function Pointers
</H3><UL>
 <LI><a href="#[20]">ADC0_IRQHandler</a> from startup_mk20d5.o(.text) referenced from startup_mk20d5.o(RESET)
 <LI><a href="#[4]">BusFault_Handler</a> from startup_mk20d5.o(.text) referenced from startup_mk20d5.o(RESET)
 <LI><a href="#[21]">CMP0_IRQHandler</a> from startup_mk20d5.o(.text) referenced from startup_mk20d5.o(RESET)
 <LI><a href="#[22]">CMP1_IRQHandler</a> from startup_mk20d5.o(.text) referenced from startup_mk20d5.o(RESET)
 <LI><a href="#[25]">CMT_IRQHandler</a> from startup_mk20d5.o(.text) referenced from startup_mk20d5.o(RESET)
 <LI><a href="#[a]">DMA0_IRQHandler</a> from startup_mk20d5.o(.text) referenced from startup_mk20d5.o(RESET)
 <LI><a href="#[b]">DMA1_IRQHandler</a> from startup_mk20d5.o(.text) referenced from startup_mk20d5.o(RESET)
 <LI><a href="#[c]">DMA2_IRQHandler</a> from startup_mk20d5.o(.text) referenced from startup_mk20d5.o(RESET)
 <LI><a href="#[d]">DMA3_IRQHandler</a> from startup_mk20d5.o(.text) referenced from startup_mk20d5.o(RESET)
 <LI><a href="#[e]">DMA_Error_IRQHandler</a> from startup_mk20d5.o(.text) referenced from startup_mk20d5.o(RESET)
 <LI><a href="#[7]">DebugMon_Handler</a> from startup_mk20d5.o(.text) referenced from startup_mk20d5.o(RESET)
 <LI><a href="#[38]">DefaultISR</a> from startup_mk20d5.o(.text) referenced 194 times from startup_mk20d5.o(RESET)
 <LI><a href="#[10]">FTFL_IRQHandler</a> from startup_mk20d5.o(.text) referenced from startup_mk20d5.o(RESET)
 <LI><a href="#[23]">FTM0_IRQHandler</a> from startup_mk20d5.o(.text) referenced from startup_mk20d5.o(RESET)
 <LI><a href="#[24]">FTM1_IRQHandler</a> from startup_mk20d5.o(.text) referenced from startup_mk20d5.o(RESET)
 <LI><a href="#[2]">HardFault_Handler</a> from startup_mk20d5.o(.text) referenced from startup_mk20d5.o(RESET)
 <LI><a href="#[15]">I2C0_IRQHandler</a> from startup_mk20d5.o(.text) referenced from startup_mk20d5.o(RESET)
 <LI><a href="#[18]">I2S0_Rx_IRQHandler</a> from startup_mk20d5.o(.text) referenced from startup_mk20d5.o(RESET)
 <LI><a href="#[17]">I2S0_Tx_IRQHandler</a> from startup_mk20d5.o(.text) referenced from startup_mk20d5.o(RESET)
 <LI><a href="#[13]">LLW_IRQHandler</a> from startup_mk20d5.o(.text) referenced from startup_mk20d5.o(RESET)
 <LI><a href="#[31]">LPTimer_IRQHandler</a> from startup_mk20d5.o(.text) referenced from startup_mk20d5.o(RESET)
 <LI><a href="#[12]">LVD_LVW_IRQHandler</a> from startup_mk20d5.o(.text) referenced from startup_mk20d5.o(RESET)
 <LI><a href="#[30]">MCG_IRQHandler</a> from startup_mk20d5.o(.text) referenced from startup_mk20d5.o(RESET)
 <LI><a href="#[3]">MemManage_Handler</a> from startup_mk20d5.o(.text) referenced from startup_mk20d5.o(RESET)
 <LI><a href="#[1]">NMI_Handler</a> from startup_mk20d5.o(.text) referenced from startup_mk20d5.o(RESET)
 <LI><a href="#[2c]">PDB0_IRQHandler</a> from startup_mk20d5.o(.text) referenced from startup_mk20d5.o(RESET)
 <LI><a href="#[28]">PIT0_IRQHandler</a> from pit.o(.text) referenced from startup_mk20d5.o(RESET)
 <LI><a href="#[29]">PIT1_IRQHandler</a> from pit.o(.text) referenced from startup_mk20d5.o(RESET)
 <LI><a href="#[2a]">PIT2_IRQHandler</a> from pit.o(.text) referenced from startup_mk20d5.o(RESET)
 <LI><a href="#[2b]">PIT3_IRQHandler</a> from pit.o(.text) referenced from startup_mk20d5.o(RESET)
 <LI><a href="#[32]">PORTA_IRQHandler</a> from startup_mk20d5.o(.text) referenced from startup_mk20d5.o(RESET)
 <LI><a href="#[33]">PORTB_IRQHandler</a> from kinetis_it.o(.text) referenced from startup_mk20d5.o(RESET)
 <LI><a href="#[34]">PORTC_IRQHandler</a> from startup_mk20d5.o(.text) referenced from startup_mk20d5.o(RESET)
 <LI><a href="#[35]">PORTD_IRQHandler</a> from kinetis_it.o(.text) referenced from startup_mk20d5.o(RESET)
 <LI><a href="#[36]">PORTE_IRQHandler</a> from kinetis_it.o(.text) referenced from startup_mk20d5.o(RESET)
 <LI><a href="#[8]">PendSV_Handler</a> from startup_mk20d5.o(.text) referenced from startup_mk20d5.o(RESET)
 <LI><a href="#[26]">RTC_IRQHandler</a> from startup_mk20d5.o(.text) referenced from startup_mk20d5.o(RESET)
 <LI><a href="#[27]">RTC_Seconds_IRQHandler</a> from startup_mk20d5.o(.text) referenced from startup_mk20d5.o(RESET)
 <LI><a href="#[11]">Read_Collision_IRQHandler</a> from startup_mk20d5.o(.text) referenced from startup_mk20d5.o(RESET)
 <LI><a href="#[f]">Reserved21_IRQHandler</a> from startup_mk20d5.o(.text) referenced from startup_mk20d5.o(RESET)
 <LI><a href="#[0]">Reset_Handler</a> from startup_mk20d5.o(.text) referenced from startup_mk20d5.o(RESET)
 <LI><a href="#[16]">SPI0_IRQHandler</a> from startup_mk20d5.o(.text) referenced from startup_mk20d5.o(RESET)
 <LI><a href="#[6]">SVC_Handler</a> from startup_mk20d5.o(.text) referenced from startup_mk20d5.o(RESET)
 <LI><a href="#[37]">SWI_IRQHandler</a> from startup_mk20d5.o(.text) referenced from startup_mk20d5.o(RESET)
 <LI><a href="#[9]">SysTick_Handler</a> from kinetis_it.o(.text) referenced from startup_mk20d5.o(RESET)
 <LI><a href="#[3a]">SystemInit</a> from system_mk20d5.o(.text) referenced from startup_mk20d5.o(.text)
 <LI><a href="#[2f]">TSI0_IRQHandler</a> from startup_mk20d5.o(.text) referenced from startup_mk20d5.o(RESET)
 <LI><a href="#[1b]">UART0_ERR_IRQHandler</a> from startup_mk20d5.o(.text) referenced from startup_mk20d5.o(RESET)
 <LI><a href="#[19]">UART0_LON_IRQHandler</a> from startup_mk20d5.o(.text) referenced from startup_mk20d5.o(RESET)
 <LI><a href="#[1a]">UART0_RX_TX_IRQHandler</a> from startup_mk20d5.o(.text) referenced from startup_mk20d5.o(RESET)
 <LI><a href="#[1d]">UART1_ERR_IRQHandler</a> from startup_mk20d5.o(.text) referenced from startup_mk20d5.o(RESET)
 <LI><a href="#[1c]">UART1_RX_TX_IRQHandler</a> from startup_mk20d5.o(.text) referenced from startup_mk20d5.o(RESET)
 <LI><a href="#[1f]">UART2_ERR_IRQHandler</a> from startup_mk20d5.o(.text) referenced from startup_mk20d5.o(RESET)
 <LI><a href="#[1e]">UART2_RX_TX_IRQHandler</a> from startup_mk20d5.o(.text) referenced from startup_mk20d5.o(RESET)
 <LI><a href="#[2d]">USB0_IRQHandler</a> from startup_mk20d5.o(.text) referenced from startup_mk20d5.o(RESET)
 <LI><a href="#[2e]">USBDCD_IRQHandler</a> from startup_mk20d5.o(.text) referenced from startup_mk20d5.o(RESET)
 <LI><a href="#[5]">UsageFault_Handler</a> from startup_mk20d5.o(.text) referenced from startup_mk20d5.o(RESET)
 <LI><a href="#[14]">Watchdog_IRQHandler</a> from startup_mk20d5.o(.text) referenced from startup_mk20d5.o(RESET)
 <LI><a href="#[3b]">__main</a> from entry.o(.ARM.Collect$$$$00000000) referenced from startup_mk20d5.o(.text)
 <LI><a href="#[39]">main</a> from main.o(.text) referenced from entry9a.o(.ARM.Collect$$$$0000000B)
</UL>
<P>
<H3>
Global Symbols
</H3>
<P><STRONG><a name="[3b]"></a>__main</STRONG> (Thumb, 0 bytes, Stack size unknown bytes, entry.o(.ARM.Collect$$$$00000000))
<BR>[Address Reference Count : 1]<UL><LI> startup_mk20d5.o(.text)
</UL>
<P><STRONG><a name="[5d]"></a>_main_stk</STRONG> (Thumb, 0 bytes, Stack size unknown bytes, entry2.o(.ARM.Collect$$$$00000001))

<P><STRONG><a name="[3c]"></a>_main_scatterload</STRONG> (Thumb, 0 bytes, Stack size unknown bytes, entry5.o(.ARM.Collect$$$$00000004))
<BR><BR>[Calls]<UL><LI><a href="#[3d]">&gt;&gt;</a>&nbsp;&nbsp;&nbsp;__scatterload
</UL>

<P><STRONG><a name="[5c]"></a>__main_after_scatterload</STRONG> (Thumb, 0 bytes, Stack size unknown bytes, entry5.o(.ARM.Collect$$$$00000004))
<BR><BR>[Called By]<UL><LI><a href="#[3d]">&gt;&gt;</a>&nbsp;&nbsp;&nbsp;__scatterload
</UL>

<P><STRONG><a name="[5e]"></a>_main_clock</STRONG> (Thumb, 0 bytes, Stack size unknown bytes, entry7b.o(.ARM.Collect$$$$00000008))

<P><STRONG><a name="[5f]"></a>_main_cpp_init</STRONG> (Thumb, 0 bytes, Stack size unknown bytes, entry8b.o(.ARM.Collect$$$$0000000A))

<P><STRONG><a name="[60]"></a>_main_init</STRONG> (Thumb, 0 bytes, Stack size unknown bytes, entry9a.o(.ARM.Collect$$$$0000000B))

<P><STRONG><a name="[61]"></a>__rt_final_cpp</STRONG> (Thumb, 0 bytes, Stack size unknown bytes, entry10a.o(.ARM.Collect$$$$0000000D))

<P><STRONG><a name="[62]"></a>__rt_final_exit</STRONG> (Thumb, 0 bytes, Stack size unknown bytes, entry11a.o(.ARM.Collect$$$$0000000F))

<P><STRONG><a name="[3a]"></a>SystemInit</STRONG> (Thumb, 158 bytes, Stack size 0 bytes, system_mk20d5.o(.text))
<BR>[Address Reference Count : 1]<UL><LI> startup_mk20d5.o(.text)
</UL>
<P><STRONG><a name="[47]"></a>SystemCoreClockUpdate</STRONG> (Thumb, 356 bytes, Stack size 0 bytes, system_mk20d5.o(.text))
<BR><BR>[Called By]<UL><LI><a href="#[46]">&gt;&gt;</a>&nbsp;&nbsp;&nbsp;Systick_Initial
</UL>

<P><STRONG><a name="[0]"></a>Reset_Handler</STRONG> (Thumb, 8 bytes, Stack size 0 bytes, startup_mk20d5.o(.text))
<BR>[Address Reference Count : 1]<UL><LI> startup_mk20d5.o(RESET)
</UL>
<P><STRONG><a name="[1]"></a>NMI_Handler</STRONG> (Thumb, 2 bytes, Stack size 0 bytes, startup_mk20d5.o(.text))
<BR><BR>[Calls]<UL><LI><a href="#[1]">&gt;&gt;</a>&nbsp;&nbsp;&nbsp;NMI_Handler
</UL>
<BR>[Called By]<UL><LI><a href="#[1]">&gt;&gt;</a>&nbsp;&nbsp;&nbsp;NMI_Handler
</UL>
<BR>[Address Reference Count : 1]<UL><LI> startup_mk20d5.o(RESET)
</UL>
<P><STRONG><a name="[2]"></a>HardFault_Handler</STRONG> (Thumb, 2 bytes, Stack size 0 bytes, startup_mk20d5.o(.text))
<BR><BR>[Calls]<UL><LI><a href="#[2]">&gt;&gt;</a>&nbsp;&nbsp;&nbsp;HardFault_Handler
</UL>
<BR>[Called By]<UL><LI><a href="#[2]">&gt;&gt;</a>&nbsp;&nbsp;&nbsp;HardFault_Handler
</UL>
<BR>[Address Reference Count : 1]<UL><LI> startup_mk20d5.o(RESET)
</UL>
<P><STRONG><a name="[3]"></a>MemManage_Handler</STRONG> (Thumb, 2 bytes, Stack size 0 bytes, startup_mk20d5.o(.text))
<BR><BR>[Calls]<UL><LI><a href="#[3]">&gt;&gt;</a>&nbsp;&nbsp;&nbsp;MemManage_Handler
</UL>
<BR>[Called By]<UL><LI><a href="#[3]">&gt;&gt;</a>&nbsp;&nbsp;&nbsp;MemManage_Handler
</UL>
<BR>[Address Reference Count : 1]<UL><LI> startup_mk20d5.o(RESET)
</UL>
<P><STRONG><a name="[4]"></a>BusFault_Handler</STRONG> (Thumb, 2 bytes, Stack size 0 bytes, startup_mk20d5.o(.text))
<BR><BR>[Calls]<UL><LI><a href="#[4]">&gt;&gt;</a>&nbsp;&nbsp;&nbsp;BusFault_Handler
</UL>
<BR>[Called By]<UL><LI><a href="#[4]">&gt;&gt;</a>&nbsp;&nbsp;&nbsp;BusFault_Handler
</UL>
<BR>[Address Reference Count : 1]<UL><LI> startup_mk20d5.o(RESET)
</UL>
<P><STRONG><a name="[5]"></a>UsageFault_Handler</STRONG> (Thumb, 2 bytes, Stack size 0 bytes, startup_mk20d5.o(.text))
<BR><BR>[Calls]<UL><LI><a href="#[5]">&gt;&gt;</a>&nbsp;&nbsp;&nbsp;UsageFault_Handler
</UL>
<BR>[Called By]<UL><LI><a href="#[5]">&gt;&gt;</a>&nbsp;&nbsp;&nbsp;UsageFault_Handler
</UL>
<BR>[Address Reference Count : 1]<UL><LI> startup_mk20d5.o(RESET)
</UL>
<P><STRONG><a name="[6]"></a>SVC_Handler</STRONG> (Thumb, 2 bytes, Stack size 0 bytes, startup_mk20d5.o(.text))
<BR><BR>[Calls]<UL><LI><a href="#[6]">&gt;&gt;</a>&nbsp;&nbsp;&nbsp;SVC_Handler
</UL>
<BR>[Called By]<UL><LI><a href="#[6]">&gt;&gt;</a>&nbsp;&nbsp;&nbsp;SVC_Handler
</UL>
<BR>[Address Reference Count : 1]<UL><LI> startup_mk20d5.o(RESET)
</UL>
<P><STRONG><a name="[7]"></a>DebugMon_Handler</STRONG> (Thumb, 2 bytes, Stack size 0 bytes, startup_mk20d5.o(.text))
<BR><BR>[Calls]<UL><LI><a href="#[7]">&gt;&gt;</a>&nbsp;&nbsp;&nbsp;DebugMon_Handler
</UL>
<BR>[Called By]<UL><LI><a href="#[7]">&gt;&gt;</a>&nbsp;&nbsp;&nbsp;DebugMon_Handler
</UL>
<BR>[Address Reference Count : 1]<UL><LI> startup_mk20d5.o(RESET)
</UL>
<P><STRONG><a name="[8]"></a>PendSV_Handler</STRONG> (Thumb, 2 bytes, Stack size 0 bytes, startup_mk20d5.o(.text))
<BR><BR>[Calls]<UL><LI><a href="#[8]">&gt;&gt;</a>&nbsp;&nbsp;&nbsp;PendSV_Handler
</UL>
<BR>[Called By]<UL><LI><a href="#[8]">&gt;&gt;</a>&nbsp;&nbsp;&nbsp;PendSV_Handler
</UL>
<BR>[Address Reference Count : 1]<UL><LI> startup_mk20d5.o(RESET)
</UL>
<P><STRONG><a name="[20]"></a>ADC0_IRQHandler</STRONG> (Thumb, 0 bytes, Stack size 0 bytes, startup_mk20d5.o(.text))
<BR><BR>[Calls]<UL><LI><a href="#[20]">&gt;&gt;</a>&nbsp;&nbsp;&nbsp;ADC0_IRQHandler
</UL>
<BR>[Called By]<UL><LI><a href="#[20]">&gt;&gt;</a>&nbsp;&nbsp;&nbsp;ADC0_IRQHandler
</UL>
<BR>[Address Reference Count : 1]<UL><LI> startup_mk20d5.o(RESET)
</UL>
<P><STRONG><a name="[21]"></a>CMP0_IRQHandler</STRONG> (Thumb, 0 bytes, Stack size 0 bytes, startup_mk20d5.o(.text))
<BR>[Address Reference Count : 1]<UL><LI> startup_mk20d5.o(RESET)
</UL>
<P><STRONG><a name="[22]"></a>CMP1_IRQHandler</STRONG> (Thumb, 0 bytes, Stack size 0 bytes, startup_mk20d5.o(.text))
<BR>[Address Reference Count : 1]<UL><LI> startup_mk20d5.o(RESET)
</UL>
<P><STRONG><a name="[25]"></a>CMT_IRQHandler</STRONG> (Thumb, 0 bytes, Stack size 0 bytes, startup_mk20d5.o(.text))
<BR>[Address Reference Count : 1]<UL><LI> startup_mk20d5.o(RESET)
</UL>
<P><STRONG><a name="[a]"></a>DMA0_IRQHandler</STRONG> (Thumb, 0 bytes, Stack size 0 bytes, startup_mk20d5.o(.text))
<BR>[Address Reference Count : 1]<UL><LI> startup_mk20d5.o(RESET)
</UL>
<P><STRONG><a name="[b]"></a>DMA1_IRQHandler</STRONG> (Thumb, 0 bytes, Stack size 0 bytes, startup_mk20d5.o(.text))
<BR>[Address Reference Count : 1]<UL><LI> startup_mk20d5.o(RESET)
</UL>
<P><STRONG><a name="[c]"></a>DMA2_IRQHandler</STRONG> (Thumb, 0 bytes, Stack size 0 bytes, startup_mk20d5.o(.text))
<BR>[Address Reference Count : 1]<UL><LI> startup_mk20d5.o(RESET)
</UL>
<P><STRONG><a name="[d]"></a>DMA3_IRQHandler</STRONG> (Thumb, 0 bytes, Stack size 0 bytes, startup_mk20d5.o(.text))
<BR>[Address Reference Count : 1]<UL><LI> startup_mk20d5.o(RESET)
</UL>
<P><STRONG><a name="[e]"></a>DMA_Error_IRQHandler</STRONG> (Thumb, 0 bytes, Stack size 0 bytes, startup_mk20d5.o(.text))
<BR>[Address Reference Count : 1]<UL><LI> startup_mk20d5.o(RESET)
</UL>
<P><STRONG><a name="[38]"></a>DefaultISR</STRONG> (Thumb, 0 bytes, Stack size 0 bytes, startup_mk20d5.o(.text))
<BR>[Address Reference Count : 1]<UL><LI> startup_mk20d5.o(RESET)
</UL>
<P><STRONG><a name="[10]"></a>FTFL_IRQHandler</STRONG> (Thumb, 0 bytes, Stack size 0 bytes, startup_mk20d5.o(.text))
<BR>[Address Reference Count : 1]<UL><LI> startup_mk20d5.o(RESET)
</UL>
<P><STRONG><a name="[23]"></a>FTM0_IRQHandler</STRONG> (Thumb, 0 bytes, Stack size 0 bytes, startup_mk20d5.o(.text))
<BR>[Address Reference Count : 1]<UL><LI> startup_mk20d5.o(RESET)
</UL>
<P><STRONG><a name="[24]"></a>FTM1_IRQHandler</STRONG> (Thumb, 0 bytes, Stack size 0 bytes, startup_mk20d5.o(.text))
<BR>[Address Reference Count : 1]<UL><LI> startup_mk20d5.o(RESET)
</UL>
<P><STRONG><a name="[15]"></a>I2C0_IRQHandler</STRONG> (Thumb, 0 bytes, Stack size 0 bytes, startup_mk20d5.o(.text))
<BR>[Address Reference Count : 1]<UL><LI> startup_mk20d5.o(RESET)
</UL>
<P><STRONG><a name="[18]"></a>I2S0_Rx_IRQHandler</STRONG> (Thumb, 0 bytes, Stack size 0 bytes, startup_mk20d5.o(.text))
<BR>[Address Reference Count : 1]<UL><LI> startup_mk20d5.o(RESET)
</UL>
<P><STRONG><a name="[17]"></a>I2S0_Tx_IRQHandler</STRONG> (Thumb, 0 bytes, Stack size 0 bytes, startup_mk20d5.o(.text))
<BR>[Address Reference Count : 1]<UL><LI> startup_mk20d5.o(RESET)
</UL>
<P><STRONG><a name="[13]"></a>LLW_IRQHandler</STRONG> (Thumb, 0 bytes, Stack size 0 bytes, startup_mk20d5.o(.text))
<BR>[Address Reference Count : 1]<UL><LI> startup_mk20d5.o(RESET)
</UL>
<P><STRONG><a name="[31]"></a>LPTimer_IRQHandler</STRONG> (Thumb, 0 bytes, Stack size 0 bytes, startup_mk20d5.o(.text))
<BR>[Address Reference Count : 1]<UL><LI> startup_mk20d5.o(RESET)
</UL>
<P><STRONG><a name="[12]"></a>LVD_LVW_IRQHandler</STRONG> (Thumb, 0 bytes, Stack size 0 bytes, startup_mk20d5.o(.text))
<BR>[Address Reference Count : 1]<UL><LI> startup_mk20d5.o(RESET)
</UL>
<P><STRONG><a name="[30]"></a>MCG_IRQHandler</STRONG> (Thumb, 0 bytes, Stack size 0 bytes, startup_mk20d5.o(.text))
<BR>[Address Reference Count : 1]<UL><LI> startup_mk20d5.o(RESET)
</UL>
<P><STRONG><a name="[2c]"></a>PDB0_IRQHandler</STRONG> (Thumb, 0 bytes, Stack size 0 bytes, startup_mk20d5.o(.text))
<BR>[Address Reference Count : 1]<UL><LI> startup_mk20d5.o(RESET)
</UL>
<P><STRONG><a name="[32]"></a>PORTA_IRQHandler</STRONG> (Thumb, 0 bytes, Stack size 0 bytes, startup_mk20d5.o(.text))
<BR>[Address Reference Count : 1]<UL><LI> startup_mk20d5.o(RESET)
</UL>
<P><STRONG><a name="[34]"></a>PORTC_IRQHandler</STRONG> (Thumb, 0 bytes, Stack size 0 bytes, startup_mk20d5.o(.text))
<BR>[Address Reference Count : 1]<UL><LI> startup_mk20d5.o(RESET)
</UL>
<P><STRONG><a name="[26]"></a>RTC_IRQHandler</STRONG> (Thumb, 0 bytes, Stack size 0 bytes, startup_mk20d5.o(.text))
<BR>[Address Reference Count : 1]<UL><LI> startup_mk20d5.o(RESET)
</UL>
<P><STRONG><a name="[27]"></a>RTC_Seconds_IRQHandler</STRONG> (Thumb, 0 bytes, Stack size 0 bytes, startup_mk20d5.o(.text))
<BR>[Address Reference Count : 1]<UL><LI> startup_mk20d5.o(RESET)
</UL>
<P><STRONG><a name="[11]"></a>Read_Collision_IRQHandler</STRONG> (Thumb, 0 bytes, Stack size 0 bytes, startup_mk20d5.o(.text))
<BR>[Address Reference Count : 1]<UL><LI> startup_mk20d5.o(RESET)
</UL>
<P><STRONG><a name="[f]"></a>Reserved21_IRQHandler</STRONG> (Thumb, 0 bytes, Stack size 0 bytes, startup_mk20d5.o(.text))
<BR>[Address Reference Count : 1]<UL><LI> startup_mk20d5.o(RESET)
</UL>
<P><STRONG><a name="[16]"></a>SPI0_IRQHandler</STRONG> (Thumb, 0 bytes, Stack size 0 bytes, startup_mk20d5.o(.text))
<BR>[Address Reference Count : 1]<UL><LI> startup_mk20d5.o(RESET)
</UL>
<P><STRONG><a name="[37]"></a>SWI_IRQHandler</STRONG> (Thumb, 0 bytes, Stack size 0 bytes, startup_mk20d5.o(.text))
<BR>[Address Reference Count : 1]<UL><LI> startup_mk20d5.o(RESET)
</UL>
<P><STRONG><a name="[2f]"></a>TSI0_IRQHandler</STRONG> (Thumb, 0 bytes, Stack size 0 bytes, startup_mk20d5.o(.text))
<BR>[Address Reference Count : 1]<UL><LI> startup_mk20d5.o(RESET)
</UL>
<P><STRONG><a name="[1b]"></a>UART0_ERR_IRQHandler</STRONG> (Thumb, 0 bytes, Stack size 0 bytes, startup_mk20d5.o(.text))
<BR>[Address Reference Count : 1]<UL><LI> startup_mk20d5.o(RESET)
</UL>
<P><STRONG><a name="[19]"></a>UART0_LON_IRQHandler</STRONG> (Thumb, 0 bytes, Stack size 0 bytes, startup_mk20d5.o(.text))
<BR>[Address Reference Count : 1]<UL><LI> startup_mk20d5.o(RESET)
</UL>
<P><STRONG><a name="[1a]"></a>UART0_RX_TX_IRQHandler</STRONG> (Thumb, 0 bytes, Stack size 0 bytes, startup_mk20d5.o(.text))
<BR>[Address Reference Count : 1]<UL><LI> startup_mk20d5.o(RESET)
</UL>
<P><STRONG><a name="[1d]"></a>UART1_ERR_IRQHandler</STRONG> (Thumb, 0 bytes, Stack size 0 bytes, startup_mk20d5.o(.text))
<BR>[Address Reference Count : 1]<UL><LI> startup_mk20d5.o(RESET)
</UL>
<P><STRONG><a name="[1c]"></a>UART1_RX_TX_IRQHandler</STRONG> (Thumb, 0 bytes, Stack size 0 bytes, startup_mk20d5.o(.text))
<BR>[Address Reference Count : 1]<UL><LI> startup_mk20d5.o(RESET)
</UL>
<P><STRONG><a name="[1f]"></a>UART2_ERR_IRQHandler</STRONG> (Thumb, 0 bytes, Stack size 0 bytes, startup_mk20d5.o(.text))
<BR>[Address Reference Count : 1]<UL><LI> startup_mk20d5.o(RESET)
</UL>
<P><STRONG><a name="[1e]"></a>UART2_RX_TX_IRQHandler</STRONG> (Thumb, 0 bytes, Stack size 0 bytes, startup_mk20d5.o(.text))
<BR>[Address Reference Count : 1]<UL><LI> startup_mk20d5.o(RESET)
</UL>
<P><STRONG><a name="[2d]"></a>USB0_IRQHandler</STRONG> (Thumb, 0 bytes, Stack size 0 bytes, startup_mk20d5.o(.text))
<BR>[Address Reference Count : 1]<UL><LI> startup_mk20d5.o(RESET)
</UL>
<P><STRONG><a name="[2e]"></a>USBDCD_IRQHandler</STRONG> (Thumb, 0 bytes, Stack size 0 bytes, startup_mk20d5.o(.text))
<BR>[Address Reference Count : 1]<UL><LI> startup_mk20d5.o(RESET)
</UL>
<P><STRONG><a name="[14]"></a>Watchdog_IRQHandler</STRONG> (Thumb, 0 bytes, Stack size 0 bytes, startup_mk20d5.o(.text))
<BR>[Address Reference Count : 1]<UL><LI> startup_mk20d5.o(RESET)
</UL>
<P><STRONG><a name="[53]"></a>GPIO_Configuration</STRONG> (Thumb, 196 bytes, Stack size 12 bytes, gpio.o(.text))
<BR><BR>[Stack]<UL><LI>Max Depth = 12<LI>Call Chain = GPIO_Configuration
</UL>
<BR>[Called By]<UL><LI><a href="#[52]">&gt;&gt;</a>&nbsp;&nbsp;&nbsp;HardwareInit
</UL>

<P><STRONG><a name="[56]"></a>GPIO_Reset</STRONG> (Thumb, 12 bytes, Stack size 0 bytes, gpio.o(.text))
<BR><BR>[Called By]<UL><LI><a href="#[39]">&gt;&gt;</a>&nbsp;&nbsp;&nbsp;main
</UL>

<P><STRONG><a name="[54]"></a>GPIO_Set</STRONG> (Thumb, 12 bytes, Stack size 0 bytes, gpio.o(.text))
<BR><BR>[Called By]<UL><LI><a href="#[39]">&gt;&gt;</a>&nbsp;&nbsp;&nbsp;main
<LI><a href="#[52]">&gt;&gt;</a>&nbsp;&nbsp;&nbsp;HardwareInit
</UL>

<P><STRONG><a name="[5a]"></a>GPIO_Toggle</STRONG> (Thumb, 12 bytes, Stack size 0 bytes, gpio.o(.text))
<BR><BR>[Called By]<UL><LI><a href="#[33]">&gt;&gt;</a>&nbsp;&nbsp;&nbsp;PORTB_IRQHandler
</UL>

<P><STRONG><a name="[63]"></a>Read_InputDataBit</STRONG> (Thumb, 52 bytes, Stack size 0 bytes, gpio.o(.text), UNUSED)

<P><STRONG><a name="[41]"></a>GPIO_PinConfig</STRONG> (Thumb, 70 bytes, Stack size 8 bytes, gpio.o(.text))
<BR><BR>[Stack]<UL><LI>Max Depth = 8<LI>Call Chain = GPIO_PinConfig
</UL>
<BR>[Called By]<UL><LI><a href="#[3e]">&gt;&gt;</a>&nbsp;&nbsp;&nbsp;GPIO_Init
</UL>

<P><STRONG><a name="[64]"></a>GPIO_WriteBit</STRONG> (Thumb, 68 bytes, Stack size 8 bytes, gpio.o(.text), UNUSED)

<P><STRONG><a name="[65]"></a>GPIO_ReadBit</STRONG> (Thumb, 50 bytes, Stack size 0 bytes, gpio.o(.text), UNUSED)

<P><STRONG><a name="[42]"></a>PORT_PinMuxConfig</STRONG> (Thumb, 74 bytes, Stack size 8 bytes, gpio.o(.text))
<BR><BR>[Stack]<UL><LI>Max Depth = 8<LI>Call Chain = PORT_PinMuxConfig
</UL>
<BR>[Called By]<UL><LI><a href="#[3e]">&gt;&gt;</a>&nbsp;&nbsp;&nbsp;GPIO_Init
</UL>

<P><STRONG><a name="[40]"></a>PORT_PinOpenDrainConfig</STRONG> (Thumb, 72 bytes, Stack size 8 bytes, gpio.o(.text))
<BR><BR>[Stack]<UL><LI>Max Depth = 8<LI>Call Chain = PORT_PinOpenDrainConfig
</UL>
<BR>[Called By]<UL><LI><a href="#[3e]">&gt;&gt;</a>&nbsp;&nbsp;&nbsp;GPIO_Init
</UL>

<P><STRONG><a name="[3f]"></a>PORT_PinPullConfig</STRONG> (Thumb, 162 bytes, Stack size 8 bytes, gpio.o(.text))
<BR><BR>[Stack]<UL><LI>Max Depth = 8<LI>Call Chain = PORT_PinPullConfig
</UL>
<BR>[Called By]<UL><LI><a href="#[3e]">&gt;&gt;</a>&nbsp;&nbsp;&nbsp;GPIO_Init
</UL>

<P><STRONG><a name="[3e]"></a>GPIO_Init</STRONG> (Thumb, 196 bytes, Stack size 8 bytes, gpio.o(.text))
<BR><BR>[Stack]<UL><LI>Max Depth = 16<LI>Call Chain = GPIO_Init &rArr; PORT_PinPullConfig
</UL>
<BR>[Calls]<UL><LI><a href="#[3f]">&gt;&gt;</a>&nbsp;&nbsp;&nbsp;PORT_PinPullConfig
<LI><a href="#[40]">&gt;&gt;</a>&nbsp;&nbsp;&nbsp;PORT_PinOpenDrainConfig
<LI><a href="#[42]">&gt;&gt;</a>&nbsp;&nbsp;&nbsp;PORT_PinMuxConfig
<LI><a href="#[41]">&gt;&gt;</a>&nbsp;&nbsp;&nbsp;GPIO_PinConfig
</UL>
<BR>[Called By]<UL><LI><a href="#[43]">&gt;&gt;</a>&nbsp;&nbsp;&nbsp;GPIO_QuickInit
</UL>

<P><STRONG><a name="[43]"></a>GPIO_QuickInit</STRONG> (Thumb, 80 bytes, Stack size 24 bytes, gpio.o(.text))
<BR><BR>[Stack]<UL><LI>Max Depth = 40<LI>Call Chain = GPIO_QuickInit &rArr; GPIO_Init &rArr; PORT_PinPullConfig
</UL>
<BR>[Calls]<UL><LI><a href="#[3e]">&gt;&gt;</a>&nbsp;&nbsp;&nbsp;GPIO_Init
</UL>
<BR>[Called By]<UL><LI><a href="#[39]">&gt;&gt;</a>&nbsp;&nbsp;&nbsp;main
</UL>

<P><STRONG><a name="[66]"></a>GPIO_CallbackInstall</STRONG> (Thumb, 26 bytes, Stack size 0 bytes, gpio.o(.text), UNUSED)

<P><STRONG><a name="[44]"></a>GPIO_ITDMAConfig</STRONG> (Thumb, 354 bytes, Stack size 24 bytes, gpio.o(.text), UNUSED)
<BR><BR>[Calls]<UL><LI><a href="#[45]">&gt;&gt;</a>&nbsp;&nbsp;&nbsp;NVIC_EnableIRQ
</UL>

<P><STRONG><a name="[46]"></a>Systick_Initial</STRONG> (Thumb, 96 bytes, Stack size 16 bytes, systick.o(.text))
<BR><BR>[Stack]<UL><LI>Max Depth = 16<LI>Call Chain = Systick_Initial
</UL>
<BR>[Calls]<UL><LI><a href="#[47]">&gt;&gt;</a>&nbsp;&nbsp;&nbsp;SystemCoreClockUpdate
</UL>
<BR>[Called By]<UL><LI><a href="#[39]">&gt;&gt;</a>&nbsp;&nbsp;&nbsp;main
</UL>

<P><STRONG><a name="[67]"></a>Delay_10us</STRONG> (Thumb, 16 bytes, Stack size 0 bytes, systick.o(.text), UNUSED)

<P><STRONG><a name="[49]"></a>DWT_DelayUs</STRONG> (Thumb, 62 bytes, Stack size 12 bytes, systick.o(.text), UNUSED)
<BR><BR>[Called By]<UL><LI><a href="#[48]">&gt;&gt;</a>&nbsp;&nbsp;&nbsp;DelayUs
</UL>

<P><STRONG><a name="[48]"></a>DelayUs</STRONG> (Thumb, 12 bytes, Stack size 8 bytes, systick.o(.text), UNUSED)
<BR><BR>[Calls]<UL><LI><a href="#[49]">&gt;&gt;</a>&nbsp;&nbsp;&nbsp;DWT_DelayUs
</UL>

<P><STRONG><a name="[57]"></a>Delay_ms</STRONG> (Thumb, 16 bytes, Stack size 0 bytes, systick.o(.text))
<BR><BR>[Called By]<UL><LI><a href="#[39]">&gt;&gt;</a>&nbsp;&nbsp;&nbsp;main
</UL>

<P><STRONG><a name="[59]"></a>TimingDelay_Decrement</STRONG> (Thumb, 18 bytes, Stack size 0 bytes, systick.o(.text))
<BR><BR>[Called By]<UL><LI><a href="#[9]">&gt;&gt;</a>&nbsp;&nbsp;&nbsp;SysTick_Handler
</UL>

<P><STRONG><a name="[68]"></a>SysTick_ISR</STRONG> (Thumb, 26 bytes, Stack size 0 bytes, systick.o(.text), UNUSED)

<P><STRONG><a name="[69]"></a>Systick_GetRunTime</STRONG> (Thumb, 24 bytes, Stack size 0 bytes, systick.o(.text), UNUSED)

<P><STRONG><a name="[4a]"></a>exti_init</STRONG> (Thumb, 266 bytes, Stack size 24 bytes, exti.o(.text))
<BR><BR>[Stack]<UL><LI>Max Depth = 32<LI>Call Chain = exti_init &rArr; NVIC_SetPriority
</UL>
<BR>[Calls]<UL><LI><a href="#[4b]">&gt;&gt;</a>&nbsp;&nbsp;&nbsp;NVIC_ClearPendingIRQ
<LI><a href="#[4d]">&gt;&gt;</a>&nbsp;&nbsp;&nbsp;NVIC_EnableIRQ
<LI><a href="#[4c]">&gt;&gt;</a>&nbsp;&nbsp;&nbsp;NVIC_SetPriority
</UL>
<BR>[Called By]<UL><LI><a href="#[39]">&gt;&gt;</a>&nbsp;&nbsp;&nbsp;main
</UL>

<P><STRONG><a name="[4e]"></a>System_NVIC_Initial</STRONG> (Thumb, 84 bytes, Stack size 8 bytes, exti.o(.text), UNUSED)
<BR><BR>[Calls]<UL><LI><a href="#[4b]">&gt;&gt;</a>&nbsp;&nbsp;&nbsp;NVIC_ClearPendingIRQ
<LI><a href="#[4d]">&gt;&gt;</a>&nbsp;&nbsp;&nbsp;NVIC_EnableIRQ
<LI><a href="#[4c]">&gt;&gt;</a>&nbsp;&nbsp;&nbsp;NVIC_SetPriority
</UL>

<P><STRONG><a name="[55]"></a>FTM_PWM_init</STRONG> (Thumb, 624 bytes, Stack size 24 bytes, ftm.o(.text))
<BR><BR>[Stack]<UL><LI>Max Depth = 24<LI>Call Chain = FTM_PWM_init
</UL>
<BR>[Called By]<UL><LI><a href="#[39]">&gt;&gt;</a>&nbsp;&nbsp;&nbsp;main
</UL>

<P><STRONG><a name="[58]"></a>FTM_PWM_Duty</STRONG> (Thumb, 80 bytes, Stack size 16 bytes, ftm.o(.text))
<BR><BR>[Stack]<UL><LI>Max Depth = 16<LI>Call Chain = FTM_PWM_Duty
</UL>
<BR>[Called By]<UL><LI><a href="#[39]">&gt;&gt;</a>&nbsp;&nbsp;&nbsp;main
</UL>

<P><STRONG><a name="[6a]"></a>FTM_PWM_freq</STRONG> (Thumb, 112 bytes, Stack size 16 bytes, ftm.o(.text), UNUSED)

<P><STRONG><a name="[50]"></a>PIT_Init</STRONG> (Thumb, 88 bytes, Stack size 0 bytes, pit.o(.text))
<BR><BR>[Called By]<UL><LI><a href="#[4f]">&gt;&gt;</a>&nbsp;&nbsp;&nbsp;PIT_QuickInit
</UL>

<P><STRONG><a name="[4f]"></a>PIT_QuickInit</STRONG> (Thumb, 20 bytes, Stack size 20 bytes, pit.o(.text))
<BR><BR>[Stack]<UL><LI>Max Depth = 20<LI>Call Chain = PIT_QuickInit
</UL>
<BR>[Calls]<UL><LI><a href="#[50]">&gt;&gt;</a>&nbsp;&nbsp;&nbsp;PIT_Init
</UL>
<BR>[Called By]<UL><LI><a href="#[39]">&gt;&gt;</a>&nbsp;&nbsp;&nbsp;main
</UL>

<P><STRONG><a name="[6b]"></a>PIT_ITDMAConfig</STRONG> (Thumb, 116 bytes, Stack size 16 bytes, pit.o(.text), UNUSED)

<P><STRONG><a name="[6c]"></a>PIT_ResetCounter</STRONG> (Thumb, 42 bytes, Stack size 0 bytes, pit.o(.text), UNUSED)

<P><STRONG><a name="[5b]"></a>PIT_GetCounterValue</STRONG> (Thumb, 12 bytes, Stack size 0 bytes, pit.o(.text))
<BR><BR>[Called By]<UL><LI><a href="#[33]">&gt;&gt;</a>&nbsp;&nbsp;&nbsp;PORTB_IRQHandler
</UL>

<P><STRONG><a name="[6d]"></a>PIT_CallbackInstall</STRONG> (Thumb, 22 bytes, Stack size 0 bytes, pit.o(.text), UNUSED)

<P><STRONG><a name="[28]"></a>PIT0_IRQHandler</STRONG> (Thumb, 10 bytes, Stack size 8 bytes, pit.o(.text))
<BR><BR>[Stack]<UL><LI>Max Depth = 16<LI>Call Chain = PIT0_IRQHandler &rArr; PIT_IRQHandler
</UL>
<BR>[Calls]<UL><LI><a href="#[51]">&gt;&gt;</a>&nbsp;&nbsp;&nbsp;PIT_IRQHandler
</UL>
<BR>[Address Reference Count : 1]<UL><LI> startup_mk20d5.o(RESET)
</UL>
<P><STRONG><a name="[29]"></a>PIT1_IRQHandler</STRONG> (Thumb, 10 bytes, Stack size 8 bytes, pit.o(.text))
<BR><BR>[Stack]<UL><LI>Max Depth = 16<LI>Call Chain = PIT1_IRQHandler &rArr; PIT_IRQHandler
</UL>
<BR>[Calls]<UL><LI><a href="#[51]">&gt;&gt;</a>&nbsp;&nbsp;&nbsp;PIT_IRQHandler
</UL>
<BR>[Address Reference Count : 1]<UL><LI> startup_mk20d5.o(RESET)
</UL>
<P><STRONG><a name="[2a]"></a>PIT2_IRQHandler</STRONG> (Thumb, 10 bytes, Stack size 8 bytes, pit.o(.text))
<BR><BR>[Stack]<UL><LI>Max Depth = 16<LI>Call Chain = PIT2_IRQHandler &rArr; PIT_IRQHandler
</UL>
<BR>[Calls]<UL><LI><a href="#[51]">&gt;&gt;</a>&nbsp;&nbsp;&nbsp;PIT_IRQHandler
</UL>
<BR>[Address Reference Count : 1]<UL><LI> startup_mk20d5.o(RESET)
</UL>
<P><STRONG><a name="[2b]"></a>PIT3_IRQHandler</STRONG> (Thumb, 10 bytes, Stack size 8 bytes, pit.o(.text))
<BR><BR>[Stack]<UL><LI>Max Depth = 16<LI>Call Chain = PIT3_IRQHandler &rArr; PIT_IRQHandler
</UL>
<BR>[Calls]<UL><LI><a href="#[51]">&gt;&gt;</a>&nbsp;&nbsp;&nbsp;PIT_IRQHandler
</UL>
<BR>[Address Reference Count : 1]<UL><LI> startup_mk20d5.o(RESET)
</UL>
<P><STRONG><a name="[52]"></a>HardwareInit</STRONG> (Thumb, 128 bytes, Stack size 8 bytes, main.o(.text))
<BR><BR>[Stack]<UL><LI>Max Depth = 20<LI>Call Chain = HardwareInit &rArr; GPIO_Configuration
</UL>
<BR>[Calls]<UL><LI><a href="#[54]">&gt;&gt;</a>&nbsp;&nbsp;&nbsp;GPIO_Set
<LI><a href="#[53]">&gt;&gt;</a>&nbsp;&nbsp;&nbsp;GPIO_Configuration
</UL>
<BR>[Called By]<UL><LI><a href="#[39]">&gt;&gt;</a>&nbsp;&nbsp;&nbsp;main
</UL>

<P><STRONG><a name="[39]"></a>main</STRONG> (Thumb, 204 bytes, Stack size 0 bytes, main.o(.text))
<BR><BR>[Stack]<UL><LI>Max Depth = 40<LI>Call Chain = main &rArr; GPIO_QuickInit &rArr; GPIO_Init &rArr; PORT_PinPullConfig
</UL>
<BR>[Calls]<UL><LI><a href="#[52]">&gt;&gt;</a>&nbsp;&nbsp;&nbsp;HardwareInit
<LI><a href="#[4f]">&gt;&gt;</a>&nbsp;&nbsp;&nbsp;PIT_QuickInit
<LI><a href="#[58]">&gt;&gt;</a>&nbsp;&nbsp;&nbsp;FTM_PWM_Duty
<LI><a href="#[55]">&gt;&gt;</a>&nbsp;&nbsp;&nbsp;FTM_PWM_init
<LI><a href="#[4a]">&gt;&gt;</a>&nbsp;&nbsp;&nbsp;exti_init
<LI><a href="#[57]">&gt;&gt;</a>&nbsp;&nbsp;&nbsp;Delay_ms
<LI><a href="#[46]">&gt;&gt;</a>&nbsp;&nbsp;&nbsp;Systick_Initial
<LI><a href="#[43]">&gt;&gt;</a>&nbsp;&nbsp;&nbsp;GPIO_QuickInit
<LI><a href="#[54]">&gt;&gt;</a>&nbsp;&nbsp;&nbsp;GPIO_Set
<LI><a href="#[56]">&gt;&gt;</a>&nbsp;&nbsp;&nbsp;GPIO_Reset
</UL>
<BR>[Address Reference Count : 1]<UL><LI> entry9a.o(.ARM.Collect$$$$0000000B)
</UL>
<P><STRONG><a name="[9]"></a>SysTick_Handler</STRONG> (Thumb, 20 bytes, Stack size 8 bytes, kinetis_it.o(.text))
<BR><BR>[Stack]<UL><LI>Max Depth = 8<LI>Call Chain = SysTick_Handler
</UL>
<BR>[Calls]<UL><LI><a href="#[59]">&gt;&gt;</a>&nbsp;&nbsp;&nbsp;TimingDelay_Decrement
</UL>
<BR>[Address Reference Count : 1]<UL><LI> startup_mk20d5.o(RESET)
</UL>
<P><STRONG><a name="[33]"></a>PORTB_IRQHandler</STRONG> (Thumb, 162 bytes, Stack size 8 bytes, kinetis_it.o(.text))
<BR><BR>[Stack]<UL><LI>Max Depth = 8<LI>Call Chain = PORTB_IRQHandler
</UL>
<BR>[Calls]<UL><LI><a href="#[5b]">&gt;&gt;</a>&nbsp;&nbsp;&nbsp;PIT_GetCounterValue
<LI><a href="#[5a]">&gt;&gt;</a>&nbsp;&nbsp;&nbsp;GPIO_Toggle
</UL>
<BR>[Address Reference Count : 1]<UL><LI> startup_mk20d5.o(RESET)
</UL>
<P><STRONG><a name="[35]"></a>PORTD_IRQHandler</STRONG> (Thumb, 16 bytes, Stack size 0 bytes, kinetis_it.o(.text))
<BR>[Address Reference Count : 1]<UL><LI> startup_mk20d5.o(RESET)
</UL>
<P><STRONG><a name="[36]"></a>PORTE_IRQHandler</STRONG> (Thumb, 16 bytes, Stack size 0 bytes, kinetis_it.o(.text))
<BR>[Address Reference Count : 1]<UL><LI> startup_mk20d5.o(RESET)
</UL>
<P><STRONG><a name="[3d]"></a>__scatterload</STRONG> (Thumb, 28 bytes, Stack size 0 bytes, init.o(.text))
<BR><BR>[Calls]<UL><LI><a href="#[5c]">&gt;&gt;</a>&nbsp;&nbsp;&nbsp;__main_after_scatterload
</UL>
<BR>[Called By]<UL><LI><a href="#[3c]">&gt;&gt;</a>&nbsp;&nbsp;&nbsp;_main_scatterload
</UL>

<P><STRONG><a name="[6e]"></a>__scatterload_rt2</STRONG> (Thumb, 0 bytes, Stack size 0 bytes, init.o(.text), UNUSED)

<P><STRONG><a name="[6f]"></a>__scatterload_copy</STRONG> (Thumb, 14 bytes, Stack size unknown bytes, handlers.o(i.__scatterload_copy), UNUSED)

<P><STRONG><a name="[70]"></a>__scatterload_null</STRONG> (Thumb, 2 bytes, Stack size unknown bytes, handlers.o(i.__scatterload_null), UNUSED)

<P><STRONG><a name="[71]"></a>__scatterload_zeroinit</STRONG> (Thumb, 14 bytes, Stack size unknown bytes, handlers.o(i.__scatterload_zeroinit), UNUSED)
<P>
<H3>
Local Symbols
</H3>
<P><STRONG><a name="[45]"></a>NVIC_EnableIRQ</STRONG> (Thumb, 24 bytes, Stack size 0 bytes, gpio.o(.text), UNUSED)
<BR><BR>[Called By]<UL><LI><a href="#[44]">&gt;&gt;</a>&nbsp;&nbsp;&nbsp;GPIO_ITDMAConfig
</UL>

<P><STRONG><a name="[4c]"></a>NVIC_SetPriority</STRONG> (Thumb, 32 bytes, Stack size 8 bytes, exti.o(.text))
<BR><BR>[Stack]<UL><LI>Max Depth = 8<LI>Call Chain = NVIC_SetPriority
</UL>
<BR>[Called By]<UL><LI><a href="#[4e]">&gt;&gt;</a>&nbsp;&nbsp;&nbsp;System_NVIC_Initial
<LI><a href="#[4a]">&gt;&gt;</a>&nbsp;&nbsp;&nbsp;exti_init
</UL>

<P><STRONG><a name="[4d]"></a>NVIC_EnableIRQ</STRONG> (Thumb, 24 bytes, Stack size 0 bytes, exti.o(.text))
<BR><BR>[Called By]<UL><LI><a href="#[4e]">&gt;&gt;</a>&nbsp;&nbsp;&nbsp;System_NVIC_Initial
<LI><a href="#[4a]">&gt;&gt;</a>&nbsp;&nbsp;&nbsp;exti_init
</UL>

<P><STRONG><a name="[4b]"></a>NVIC_ClearPendingIRQ</STRONG> (Thumb, 18 bytes, Stack size 0 bytes, exti.o(.text))
<BR><BR>[Called By]<UL><LI><a href="#[4e]">&gt;&gt;</a>&nbsp;&nbsp;&nbsp;System_NVIC_Initial
<LI><a href="#[4a]">&gt;&gt;</a>&nbsp;&nbsp;&nbsp;exti_init
</UL>

<P><STRONG><a name="[51]"></a>PIT_IRQHandler</STRONG> (Thumb, 42 bytes, Stack size 8 bytes, pit.o(.text))
<BR><BR>[Stack]<UL><LI>Max Depth = 8<LI>Call Chain = PIT_IRQHandler
</UL>
<BR>[Called By]<UL><LI><a href="#[2b]">&gt;&gt;</a>&nbsp;&nbsp;&nbsp;PIT3_IRQHandler
<LI><a href="#[2a]">&gt;&gt;</a>&nbsp;&nbsp;&nbsp;PIT2_IRQHandler
<LI><a href="#[29]">&gt;&gt;</a>&nbsp;&nbsp;&nbsp;PIT1_IRQHandler
<LI><a href="#[28]">&gt;&gt;</a>&nbsp;&nbsp;&nbsp;PIT0_IRQHandler
</UL>
<P>
<H3>
Undefined Global Symbols
</H3><HR></body></html>
