ARM Linker, 5.03 [Build 76] [MDK-ARM Standard]

==============================================================================

Section Cross References

    system_mk20d5.o(.text) refers to system_mk20d5.o(.data) for SystemCoreClock
    startup_mk20d5.o(RESET) refers to startup_mk20d5.o(STACK) for __initial_sp
    startup_mk20d5.o(RESET) refers to startup_mk20d5.o(.text) for Reset_Handler
    startup_mk20d5.o(RESET) refers to kinetis_it.o(.text) for SysTick_Handler
    startup_mk20d5.o(RESET) refers to wdog.o(.text) for Watchdog_IRQHandler
    startup_mk20d5.o(RESET) refers to spi.o(.text) for SPI0_IRQHandler
    startup_mk20d5.o(RESET) refers to uart.o(.text) for UART0_RX_TX_IRQHandler
    startup_mk20d5.o(RESET) refers to adc.o(.text) for ADC0_IRQHandler
    startup_mk20d5.o(RESET) refers to pit.o(.text) for PIT0_IRQHandler
    startup_mk20d5.o(.text) refers to system_mk20d5.o(.text) for SystemInit
    startup_mk20d5.o(.text) refers to entry.o(.ARM.Collect$$$$00000000) for __main
    uart.o(.text) refers to uart.o(.constdata) for UARTBase
    uart.o(.text) refers to uart.o(.data) for UART_DebugInstance
    uart.o(.text) refers to system_mk20d5.o(.data) for PeriphBusClock
    uart.o(.text) refers to uart.o(.bss) for UART_CallBackTxTable
    uart.o(.data) refers to uart.o(.conststring) for .conststring
    gpio.o(.text) refers to gpio.o(.constdata) for SIM_GPIOClockGateTable
    gpio.o(.text) refers to gpio.o(.bss) for GPIO_CallBackTable
    systick.o(.text) refers to system_mk20d5.o(.text) for SystemCoreClockUpdate
    systick.o(.text) refers to systick.o(.data) for TimingDelay
    systick.o(.text) refers to system_mk20d5.o(.data) for SystemCoreClock
    ftm.o(.text) refers to system_mk20d5.o(.data) for PeriphBusClock
    pit.o(.text) refers to system_mk20d5.o(.data) for PeriphBusClock
    pit.o(.text) refers to pit.o(.data) for fac_us
    pit.o(.text) refers to pit.o(.constdata) for PIT_IRQnTable
    pit.o(.text) refers to pit.o(.bss) for PIT_CallBackTable
    spi.o(.text) refers to spi.o(.constdata) for SPI_InstanceTable
    spi.o(.text) refers to system_mk20d5.o(.data) for PeriphBusClock
    spi.o(.text) refers to spi.o(.data) for SPI_CallBackTable
    i2c.o(.text) refers to gpio.o(.text) for GPIO_QuickInit
    i2c.o(.text) refers to systick.o(.text) for DelayUs
    i2c.o(.text) refers to i2c.o(.bss) for i2c
    wdog.o(.text) refers to system_mk20d5.o(.data) for PeriphBusClock
    wdog.o(.text) refers to wdog.o(.data) for WDOG_CallBackTable
    adc.o(.text) refers to adc.o(.constdata) for ADC_InstanceTable
    adc.o(.text) refers to gpio.o(.text) for PORT_PinMuxConfig
    adc.o(.text) refers to adc.o(.data) for ADC_CallBackTable
    main.o(.text) refers to gpio.o(.text) for GPIO_Configuration
    main.o(.text) refers to systick.o(.text) for Systick_Initial
    main.o(.text) refers to pit.o(.text) for PIT_QuickInit
    main.o(.text) refers to ftm.o(.text) for FTM_PWM_init
    main.o(.text) refers to exti.o(.text) for exti_init
    kinetis_it.o(.text) refers to systick.o(.text) for TimingDelay_Decrement
    kinetis_it.o(.text) refers to gpio.o(.text) for GPIO_Toggle
    kinetis_it.o(.text) refers to pit.o(.text) for PIT_GetCounterValue
    kinetis_it.o(.text) refers to ftm.o(.text) for FTM_PWM_Duty
    kinetis_it.o(.text) refers to kinetis_it.o(.data) for a_start
    entry.o(.ARM.Collect$$$$00000000) refers (Special) to entry10a.o(.ARM.Collect$$$$0000000D) for __rt_final_cpp
    entry.o(.ARM.Collect$$$$00000000) refers (Special) to entry11a.o(.ARM.Collect$$$$0000000F) for __rt_final_exit
    entry.o(.ARM.Collect$$$$00000000) refers (Special) to entry7b.o(.ARM.Collect$$$$00000008) for _main_clock
    entry.o(.ARM.Collect$$$$00000000) refers (Special) to entry8b.o(.ARM.Collect$$$$0000000A) for _main_cpp_init
    entry.o(.ARM.Collect$$$$00000000) refers (Special) to entry9a.o(.ARM.Collect$$$$0000000B) for _main_init
    entry.o(.ARM.Collect$$$$00000000) refers (Special) to entry5.o(.ARM.Collect$$$$00000004) for _main_scatterload
    entry.o(.ARM.Collect$$$$00000000) refers (Special) to entry2.o(.ARM.Collect$$$$00000001) for _main_stk
    entry2.o(.ARM.Collect$$$$00000001) refers to entry2.o(.ARM.Collect$$$$00002712) for __lit__00000000
    entry2.o(.ARM.Collect$$$$00002712) refers to startup_mk20d5.o(STACK) for __initial_sp
    entry2.o(__vectab_stack_and_reset_area) refers to startup_mk20d5.o(STACK) for __initial_sp
    entry2.o(__vectab_stack_and_reset_area) refers to entry.o(.ARM.Collect$$$$00000000) for __main
    entry5.o(.ARM.Collect$$$$00000004) refers to init.o(.text) for __scatterload
    entry9a.o(.ARM.Collect$$$$0000000B) refers to main.o(.text) for main
    entry9b.o(.ARM.Collect$$$$0000000C) refers to main.o(.text) for main
    init.o(.text) refers to entry5.o(.ARM.Collect$$$$00000004) for __main_after_scatterload


==============================================================================

Removing Unused input sections from the image.

    Removing system_mk20d5.o(.rev16_text), (4 bytes).
    Removing system_mk20d5.o(.revsh_text), (4 bytes).
    Removing startup_mk20d5.o(HEAP), (0 bytes).
    Removing uart.o(.rev16_text), (4 bytes).
    Removing uart.o(.revsh_text), (4 bytes).
    Removing gpio.o(.rev16_text), (4 bytes).
    Removing gpio.o(.revsh_text), (4 bytes).
    Removing systick.o(.rev16_text), (4 bytes).
    Removing systick.o(.revsh_text), (4 bytes).
    Removing ftm.o(.rev16_text), (4 bytes).
    Removing ftm.o(.revsh_text), (4 bytes).
    Removing exti.o(.rev16_text), (4 bytes).
    Removing exti.o(.revsh_text), (4 bytes).
    Removing pit.o(.rev16_text), (4 bytes).
    Removing pit.o(.revsh_text), (4 bytes).
    Removing spi.o(.rev16_text), (4 bytes).
    Removing spi.o(.revsh_text), (4 bytes).
    Removing i2c.o(.rev16_text), (4 bytes).
    Removing i2c.o(.revsh_text), (4 bytes).
    Removing i2c.o(.text), (1632 bytes).
    Removing i2c.o(.bss), (12 bytes).
    Removing can.o(.rev16_text), (4 bytes).
    Removing can.o(.revsh_text), (4 bytes).
    Removing wdog.o(.rev16_text), (4 bytes).
    Removing wdog.o(.revsh_text), (4 bytes).
    Removing adc.o(.rev16_text), (4 bytes).
    Removing adc.o(.revsh_text), (4 bytes).
    Removing main.o(.rev16_text), (4 bytes).
    Removing main.o(.revsh_text), (4 bytes).
    Removing kinetis_it.o(.rev16_text), (4 bytes).
    Removing kinetis_it.o(.revsh_text), (4 bytes).

31 unused section(s) (total 1756 bytes) removed from the image.

==============================================================================

Image Symbol Table

    Local Symbols

    Symbol Name                              Value     Ov Type        Size  Object(Section)

    RESET                                    0x00000000   Section     1024  startup_mk20d5.o(RESET)
    ../clib/microlib/init/entry.s            0x00000000   Number         0  entry11b.o ABSOLUTE
    ../clib/microlib/init/entry.s            0x00000000   Number         0  entry10a.o ABSOLUTE
    ../clib/microlib/init/entry.s            0x00000000   Number         0  entry10b.o ABSOLUTE
    ../clib/microlib/init/entry.s            0x00000000   Number         0  entry11a.o ABSOLUTE
    ../clib/microlib/init/entry.s            0x00000000   Number         0  entry8b.o ABSOLUTE
    ../clib/microlib/init/entry.s            0x00000000   Number         0  entry.o ABSOLUTE
    ../clib/microlib/init/entry.s            0x00000000   Number         0  entry2.o ABSOLUTE
    ../clib/microlib/init/entry.s            0x00000000   Number         0  entry9b.o ABSOLUTE
    ../clib/microlib/init/entry.s            0x00000000   Number         0  entry5.o ABSOLUTE
    ../clib/microlib/init/entry.s            0x00000000   Number         0  entry9a.o ABSOLUTE
    ../clib/microlib/init/entry.s            0x00000000   Number         0  entry7a.o ABSOLUTE
    ../clib/microlib/init/entry.s            0x00000000   Number         0  entry8a.o ABSOLUTE
    ../clib/microlib/init/entry.s            0x00000000   Number         0  entry7b.o ABSOLUTE
    ..\Drivers\FTM.c                         0x00000000   Number         0  ftm.o ABSOLUTE
    ..\Drivers\adc.c                         0x00000000   Number         0  adc.o ABSOLUTE
    ..\Drivers\can.c                         0x00000000   Number         0  can.o ABSOLUTE
    ..\Drivers\exti.c                        0x00000000   Number         0  exti.o ABSOLUTE
    ..\Drivers\gpio.c                        0x00000000   Number         0  gpio.o ABSOLUTE
    ..\Drivers\i2c.c                         0x00000000   Number         0  i2c.o ABSOLUTE
    ..\Drivers\pit.c                         0x00000000   Number         0  pit.o ABSOLUTE
    ..\Drivers\spi.c                         0x00000000   Number         0  spi.o ABSOLUTE
    ..\Drivers\systick.c                     0x00000000   Number         0  systick.o ABSOLUTE
    ..\Drivers\uart.c                        0x00000000   Number         0  uart.o ABSOLUTE
    ..\Drivers\wdog.c                        0x00000000   Number         0  wdog.o ABSOLUTE
    ..\Startup\startup_MK20D5.s              0x00000000   Number         0  startup_mk20d5.o ABSOLUTE
    ..\Startup\system_MK20D5.c               0x00000000   Number         0  system_mk20d5.o ABSOLUTE
    ..\Users\kinetis_it.c                    0x00000000   Number         0  kinetis_it.o ABSOLUTE
    ..\Users\main.c                          0x00000000   Number         0  main.o ABSOLUTE
    ..\\Drivers\\FTM.c                       0x00000000   Number         0  ftm.o ABSOLUTE
    ..\\Drivers\\adc.c                       0x00000000   Number         0  adc.o ABSOLUTE
    ..\\Drivers\\can.c                       0x00000000   Number         0  can.o ABSOLUTE
    ..\\Drivers\\exti.c                      0x00000000   Number         0  exti.o ABSOLUTE
    ..\\Drivers\\gpio.c                      0x00000000   Number         0  gpio.o ABSOLUTE
    ..\\Drivers\\i2c.c                       0x00000000   Number         0  i2c.o ABSOLUTE
    ..\\Drivers\\pit.c                       0x00000000   Number         0  pit.o ABSOLUTE
    ..\\Drivers\\spi.c                       0x00000000   Number         0  spi.o ABSOLUTE
    ..\\Drivers\\systick.c                   0x00000000   Number         0  systick.o ABSOLUTE
    ..\\Drivers\\uart.c                      0x00000000   Number         0  uart.o ABSOLUTE
    ..\\Drivers\\wdog.c                      0x00000000   Number         0  wdog.o ABSOLUTE
    ..\\Startup\\system_MK20D5.c             0x00000000   Number         0  system_mk20d5.o ABSOLUTE
    ..\\Users\\kinetis_it.c                  0x00000000   Number         0  kinetis_it.o ABSOLUTE
    ..\\Users\\main.c                        0x00000000   Number         0  main.o ABSOLUTE
    dc.s                                     0x00000000   Number         0  dc.o ABSOLUTE
    handlers.s                               0x00000000   Number         0  handlers.o ABSOLUTE
    init.s                                   0x00000000   Number         0  init.o ABSOLUTE
    .ARM.__at_0x400                          0x00000400   Section       16  startup_mk20d5.o(.ARM.__at_0x400)
    .ARM.Collect$$$$00000000                 0x00000410   Section        0  entry.o(.ARM.Collect$$$$00000000)
    .ARM.Collect$$$$00000001                 0x00000410   Section        4  entry2.o(.ARM.Collect$$$$00000001)
    .ARM.Collect$$$$00000004                 0x00000414   Section        4  entry5.o(.ARM.Collect$$$$00000004)
    .ARM.Collect$$$$00000008                 0x00000418   Section        0  entry7b.o(.ARM.Collect$$$$00000008)
    .ARM.Collect$$$$0000000A                 0x00000418   Section        0  entry8b.o(.ARM.Collect$$$$0000000A)
    .ARM.Collect$$$$0000000B                 0x00000418   Section        8  entry9a.o(.ARM.Collect$$$$0000000B)
    .ARM.Collect$$$$0000000D                 0x00000420   Section        0  entry10a.o(.ARM.Collect$$$$0000000D)
    .ARM.Collect$$$$0000000F                 0x00000420   Section        0  entry11a.o(.ARM.Collect$$$$0000000F)
    .ARM.Collect$$$$00002712                 0x00000420   Section        4  entry2.o(.ARM.Collect$$$$00002712)
    __lit__00000000                          0x00000420   Data           4  entry2.o(.ARM.Collect$$$$00002712)
    .text                                    0x00000424   Section        0  system_mk20d5.o(.text)
    .text                                    0x0000064c   Section       36  startup_mk20d5.o(.text)
    .text                                    0x00000670   Section        0  uart.o(.text)
    UART_putstr                              0x00000763   Thumb Code    26  uart.o(.text)
    printn                                   0x0000077d   Thumb Code    48  uart.o(.text)
    UART_IRQ_Handler                         0x00000e15   Thumb Code   224  uart.o(.text)
    NVIC_EnableIRQ                           0x00000f13   Thumb Code    24  uart.o(.text)
    .text                                    0x00000f34   Section        0  gpio.o(.text)
    NVIC_EnableIRQ                           0x000014d1   Thumb Code    24  gpio.o(.text)
    .text                                    0x00001500   Section        0  systick.o(.text)
    .text                                    0x000015cc   Section        0  ftm.o(.text)
    .text                                    0x00001918   Section        0  exti.o(.text)
    NVIC_SetPriority                         0x00001919   Thumb Code    32  exti.o(.text)
    NVIC_EnableIRQ                           0x00001a97   Thumb Code    24  exti.o(.text)
    NVIC_ClearPendingIRQ                     0x00001aaf   Thumb Code    18  exti.o(.text)
    .text                                    0x00001ae0   Section        0  pit.o(.text)
    PIT_IRQHandler                           0x00001c0d   Thumb Code    42  pit.o(.text)
    .text                                    0x00001c80   Section        0  spi.o(.text)
    dspi_hal_set_baud                        0x00001c81   Thumb Code   226  spi.o(.text)
    SPI_IRQHandler                           0x00002115   Thumb Code    42  spi.o(.text)
    .text                                    0x0000215c   Section        0  wdog.o(.text)
    WDOG_Unlock                              0x0000215d   Thumb Code    20  wdog.o(.text)
    .text                                    0x000022bc   Section        0  adc.o(.text)
    .text                                    0x000028c8   Section        0  main.o(.text)
    .text                                    0x000029a0   Section        0  kinetis_it.o(.text)
    .text                                    0x00002c98   Section       36  init.o(.text)
    i.__scatterload_copy                     0x00002cbc   Section       14  handlers.o(i.__scatterload_copy)
    i.__scatterload_null                     0x00002cca   Section        2  handlers.o(i.__scatterload_null)
    i.__scatterload_zeroinit                 0x00002ccc   Section       14  handlers.o(i.__scatterload_zeroinit)
    .constdata                               0x00002cdc   Section       80  uart.o(.constdata)
    UARTBase                                 0x00002cdc   Data          12  uart.o(.constdata)
    ClkTbl                                   0x00002ce8   Data          36  uart.o(.constdata)
    UART_IRQnTable                           0x00002d0c   Data           3  uart.o(.constdata)
    UART_TIFOSizeTable                       0x00002d10   Data          28  uart.o(.constdata)
    .constdata                               0x00002d2c   Section       65  gpio.o(.constdata)
    GPIO_InstanceTable                       0x00002d2c   Data          20  gpio.o(.constdata)
    PORT_InstanceTable                       0x00002d40   Data          20  gpio.o(.constdata)
    SIM_GPIOClockGateTable                   0x00002d54   Data          20  gpio.o(.constdata)
    GPIO_IRQnTable                           0x00002d68   Data           5  gpio.o(.constdata)
    .constdata                               0x00002d6d   Section        4  pit.o(.constdata)
    PIT_IRQnTable                            0x00002d6d   Data           4  pit.o(.constdata)
    .constdata                               0x00002d74   Section      100  spi.o(.constdata)
    SIM_SPIClockGateTable                    0x00002d78   Data          12  spi.o(.constdata)
    SPI_IRQnTable                            0x00002d84   Data           1  spi.o(.constdata)
    s_baudratePrescaler                      0x00002d88   Data          16  spi.o(.constdata)
    s_baudrateScaler                         0x00002d98   Data          64  spi.o(.constdata)
    .constdata                               0x00002dd8   Section       17  adc.o(.constdata)
    ADC_InstanceTable                        0x00002dd8   Data           4  adc.o(.constdata)
    SIM_ADCClockGateTable                    0x00002ddc   Data          12  adc.o(.constdata)
    ADC_IRQnTable                            0x00002de8   Data           1  adc.o(.constdata)
    .conststring                             0x00002de9   Section       17  uart.o(.conststring)
    .data                                    0x1fffe000   Section       12  system_mk20d5.o(.data)
    .data                                    0x1fffe00c   Section       16  uart.o(.data)
    ntab                                     0x1fffe00c   Data           4  uart.o(.data)
    is_fitst_init                            0x1fffe010   Data           1  uart.o(.data)
    UART_DebugInstance                       0x1fffe011   Data           1  uart.o(.data)
    .data                                    0x1fffe01c   Section        8  systick.o(.data)
    TimingDelay                              0x1fffe01c   Data           4  systick.o(.data)
    .data                                    0x1fffe024   Section        4  pit.o(.data)
    fac_us                                   0x1fffe024   Data           4  pit.o(.data)
    .data                                    0x1fffe028   Section        4  spi.o(.data)
    SPI_CallBackTable                        0x1fffe028   Data           4  spi.o(.data)
    .data                                    0x1fffe02c   Section        4  wdog.o(.data)
    WDOG_CallBackTable                       0x1fffe02c   Data           4  wdog.o(.data)
    .data                                    0x1fffe030   Section        4  adc.o(.data)
    ADC_CallBackTable                        0x1fffe030   Data           4  adc.o(.data)
    .data                                    0x1fffe034   Section       20  kinetis_it.o(.data)
    .bss                                     0x1fffe048   Section       24  uart.o(.bss)
    UART_CallBackTxTable                     0x1fffe048   Data          12  uart.o(.bss)
    UART_CallBackRxTable                     0x1fffe054   Data          12  uart.o(.bss)
    .bss                                     0x1fffe060   Section       20  gpio.o(.bss)
    GPIO_CallBackTable                       0x1fffe060   Data          20  gpio.o(.bss)
    .bss                                     0x1fffe074   Section       16  pit.o(.bss)
    PIT_CallBackTable                        0x1fffe074   Data          16  pit.o(.bss)
    STACK                                    0x1fffe088   Section     1024  startup_mk20d5.o(STACK)

    Global Symbols

    Symbol Name                              Value     Ov Type        Size  Object(Section)

    BuildAttributes$$THM_ISAv4$E$P$D$K$B$S$7EM$PE$A:L22UL41UL21$X:L11$S22US41US21$IEEE1$IW$USESV6$~STKCKD$USESV7$~SHL$OSPACE$EBA8$MICROLIB$REQ8$PRES8$EABIv2 0x00000000   Number         0  anon$$obj.o ABSOLUTE
    __ARM_use_no_argv                        0x00000000   Number         0  main.o ABSOLUTE
    __Vectors                                0x00000000   Data           4  startup_mk20d5.o(RESET)
    __cpp_initialize__aeabi_                  - Undefined Weak Reference
    __cxa_finalize                            - Undefined Weak Reference
    __decompress                              - Undefined Weak Reference
    _clock_init                               - Undefined Weak Reference
    _microlib_exit                            - Undefined Weak Reference
    __Vectors_End                            0x00000400   Data           0  startup_mk20d5.o(RESET)
    __Vectors_Size                           0x00000400   Number         0  startup_mk20d5.o ABSOLUTE
    __main                                   0x00000411   Thumb Code     0  entry.o(.ARM.Collect$$$$00000000)
    _main_stk                                0x00000411   Thumb Code     0  entry2.o(.ARM.Collect$$$$00000001)
    _main_scatterload                        0x00000415   Thumb Code     0  entry5.o(.ARM.Collect$$$$00000004)
    __main_after_scatterload                 0x00000419   Thumb Code     0  entry5.o(.ARM.Collect$$$$00000004)
    _main_clock                              0x00000419   Thumb Code     0  entry7b.o(.ARM.Collect$$$$00000008)
    _main_cpp_init                           0x00000419   Thumb Code     0  entry8b.o(.ARM.Collect$$$$0000000A)
    _main_init                               0x00000419   Thumb Code     0  entry9a.o(.ARM.Collect$$$$0000000B)
    __rt_final_cpp                           0x00000421   Thumb Code     0  entry10a.o(.ARM.Collect$$$$0000000D)
    __rt_final_exit                          0x00000421   Thumb Code     0  entry11a.o(.ARM.Collect$$$$0000000F)
    SystemInit                               0x00000425   Thumb Code   158  system_mk20d5.o(.text)
    SystemCoreClockUpdate                    0x000004c3   Thumb Code   356  system_mk20d5.o(.text)
    Reset_Handler                            0x0000064d   Thumb Code     8  startup_mk20d5.o(.text)
    NMI_Handler                              0x00000655   Thumb Code     2  startup_mk20d5.o(.text)
    HardFault_Handler                        0x00000657   Thumb Code     2  startup_mk20d5.o(.text)
    MemManage_Handler                        0x00000659   Thumb Code     2  startup_mk20d5.o(.text)
    BusFault_Handler                         0x0000065b   Thumb Code     2  startup_mk20d5.o(.text)
    UsageFault_Handler                       0x0000065d   Thumb Code     2  startup_mk20d5.o(.text)
    SVC_Handler                              0x0000065f   Thumb Code     2  startup_mk20d5.o(.text)
    DebugMon_Handler                         0x00000661   Thumb Code     2  startup_mk20d5.o(.text)
    PendSV_Handler                           0x00000663   Thumb Code     2  startup_mk20d5.o(.text)
    CMP0_IRQHandler                          0x00000667   Thumb Code     0  startup_mk20d5.o(.text)
    CMP1_IRQHandler                          0x00000667   Thumb Code     0  startup_mk20d5.o(.text)
    CMT_IRQHandler                           0x00000667   Thumb Code     0  startup_mk20d5.o(.text)
    DMA0_IRQHandler                          0x00000667   Thumb Code     0  startup_mk20d5.o(.text)
    DMA1_IRQHandler                          0x00000667   Thumb Code     0  startup_mk20d5.o(.text)
    DMA2_IRQHandler                          0x00000667   Thumb Code     0  startup_mk20d5.o(.text)
    DMA3_IRQHandler                          0x00000667   Thumb Code     0  startup_mk20d5.o(.text)
    DMA_Error_IRQHandler                     0x00000667   Thumb Code     0  startup_mk20d5.o(.text)
    DefaultISR                               0x00000667   Thumb Code     0  startup_mk20d5.o(.text)
    FTFL_IRQHandler                          0x00000667   Thumb Code     0  startup_mk20d5.o(.text)
    FTM0_IRQHandler                          0x00000667   Thumb Code     0  startup_mk20d5.o(.text)
    FTM1_IRQHandler                          0x00000667   Thumb Code     0  startup_mk20d5.o(.text)
    I2C0_IRQHandler                          0x00000667   Thumb Code     0  startup_mk20d5.o(.text)
    I2S0_Rx_IRQHandler                       0x00000667   Thumb Code     0  startup_mk20d5.o(.text)
    I2S0_Tx_IRQHandler                       0x00000667   Thumb Code     0  startup_mk20d5.o(.text)
    LLW_IRQHandler                           0x00000667   Thumb Code     0  startup_mk20d5.o(.text)
    LPTimer_IRQHandler                       0x00000667   Thumb Code     0  startup_mk20d5.o(.text)
    LVD_LVW_IRQHandler                       0x00000667   Thumb Code     0  startup_mk20d5.o(.text)
    MCG_IRQHandler                           0x00000667   Thumb Code     0  startup_mk20d5.o(.text)
    PDB0_IRQHandler                          0x00000667   Thumb Code     0  startup_mk20d5.o(.text)
    RTC_IRQHandler                           0x00000667   Thumb Code     0  startup_mk20d5.o(.text)
    RTC_Seconds_IRQHandler                   0x00000667   Thumb Code     0  startup_mk20d5.o(.text)
    Read_Collision_IRQHandler                0x00000667   Thumb Code     0  startup_mk20d5.o(.text)
    Reserved21_IRQHandler                    0x00000667   Thumb Code     0  startup_mk20d5.o(.text)
    SWI_IRQHandler                           0x00000667   Thumb Code     0  startup_mk20d5.o(.text)
    TSI0_IRQHandler                          0x00000667   Thumb Code     0  startup_mk20d5.o(.text)
    UART0_ERR_IRQHandler                     0x00000667   Thumb Code     0  startup_mk20d5.o(.text)
    UART0_LON_IRQHandler                     0x00000667   Thumb Code     0  startup_mk20d5.o(.text)
    UART1_ERR_IRQHandler                     0x00000667   Thumb Code     0  startup_mk20d5.o(.text)
    UART2_ERR_IRQHandler                     0x00000667   Thumb Code     0  startup_mk20d5.o(.text)
    USB0_IRQHandler                          0x00000667   Thumb Code     0  startup_mk20d5.o(.text)
    USBDCD_IRQHandler                        0x00000667   Thumb Code     0  startup_mk20d5.o(.text)
    UART_GetTxFIFOSize                       0x00000671   Thumb Code    22  uart.o(.text)
    UART_WriteByte                           0x00000687   Thumb Code   116  uart.o(.text)
    fputc                                    0x000006fb   Thumb Code    20  uart.o(.text)
    UART_ReadByte                            0x0000070f   Thumb Code    56  uart.o(.text)
    fgetc                                    0x00000747   Thumb Code    28  uart.o(.text)
    UART_printf                              0x000007ad   Thumb Code   110  uart.o(.text)
    UART_Init                                0x0000081b   Thumb Code   732  uart.o(.text)
    UART_DeInit                              0x00000af7   Thumb Code    74  uart.o(.text)
    UART_SelectDebugInstance                 0x00000b41   Thumb Code     6  uart.o(.text)
    UART_EnableTxFIFO                        0x00000b47   Thumb Code    46  uart.o(.text)
    UART_EnableRxFIFO                        0x00000b75   Thumb Code    46  uart.o(.text)
    UART_GetRxFIFOSize                       0x00000ba3   Thumb Code    22  uart.o(.text)
    UART_SetTxFIFOWatermark                  0x00000bb9   Thumb Code    50  uart.o(.text)
    UART_SetRxFIFOWatermark                  0x00000beb   Thumb Code    50  uart.o(.text)
    UART_ITDMAConfig                         0x00000c1d   Thumb Code   408  uart.o(.text)
    UART_CallbackTxInstall                   0x00000db5   Thumb Code    48  uart.o(.text)
    UART_CallbackRxInstall                   0x00000de5   Thumb Code    48  uart.o(.text)
    UART0_RX_TX_IRQHandler                   0x00000ef5   Thumb Code    10  uart.o(.text)
    UART1_RX_TX_IRQHandler                   0x00000eff   Thumb Code    10  uart.o(.text)
    UART2_RX_TX_IRQHandler                   0x00000f09   Thumb Code    10  uart.o(.text)
    GPIO_Configuration                       0x00000f35   Thumb Code   196  gpio.o(.text)
    GPIO_Reset                               0x00000ff9   Thumb Code    12  gpio.o(.text)
    GPIO_Set                                 0x00001005   Thumb Code    12  gpio.o(.text)
    GPIO_Toggle                              0x00001011   Thumb Code    12  gpio.o(.text)
    Read_InputDataBit                        0x0000101d   Thumb Code    52  gpio.o(.text)
    GPIO_PinConfig                           0x00001051   Thumb Code    70  gpio.o(.text)
    GPIO_WriteBit                            0x00001097   Thumb Code    68  gpio.o(.text)
    GPIO_ReadBit                             0x000010db   Thumb Code    50  gpio.o(.text)
    PORT_PinMuxConfig                        0x0000110d   Thumb Code    74  gpio.o(.text)
    PORT_PinOpenDrainConfig                  0x00001157   Thumb Code    72  gpio.o(.text)
    PORT_PinPullConfig                       0x0000119f   Thumb Code   162  gpio.o(.text)
    GPIO_Init                                0x00001241   Thumb Code   196  gpio.o(.text)
    GPIO_QuickInit                           0x00001305   Thumb Code    80  gpio.o(.text)
    GPIO_CallbackInstall                     0x00001355   Thumb Code    26  gpio.o(.text)
    GPIO_ITDMAConfig                         0x0000136f   Thumb Code   354  gpio.o(.text)
    Systick_Initial                          0x00001501   Thumb Code     8  systick.o(.text)
    Delay_10us                               0x00001509   Thumb Code    16  systick.o(.text)
    DWT_DelayUs                              0x00001519   Thumb Code    62  systick.o(.text)
    DelayUs                                  0x00001557   Thumb Code    12  systick.o(.text)
    Delay_ms                                 0x00001563   Thumb Code    16  systick.o(.text)
    TimingDelay_Decrement                    0x00001573   Thumb Code    18  systick.o(.text)
    SysTick_ISR                              0x00001585   Thumb Code    26  systick.o(.text)
    Systick_GetRunTime                       0x0000159f   Thumb Code    24  systick.o(.text)
    FTM_PWM_init                             0x000015cd   Thumb Code   624  ftm.o(.text)
    FTM_PWM_Duty                             0x0000183d   Thumb Code    80  ftm.o(.text)
    FTM_PWM_freq                             0x0000188d   Thumb Code   112  ftm.o(.text)
    exti_init                                0x00001939   Thumb Code   266  exti.o(.text)
    System_NVIC_Initial                      0x00001a43   Thumb Code    84  exti.o(.text)
    PIT_Init                                 0x00001ae1   Thumb Code    88  pit.o(.text)
    PIT_QuickInit                            0x00001b39   Thumb Code    20  pit.o(.text)
    PIT_ITDMAConfig                          0x00001b4d   Thumb Code   116  pit.o(.text)
    PIT_ResetCounter                         0x00001bc1   Thumb Code    42  pit.o(.text)
    PIT_GetCounterValue                      0x00001beb   Thumb Code    12  pit.o(.text)
    PIT_CallbackInstall                      0x00001bf7   Thumb Code    22  pit.o(.text)
    PIT0_IRQHandler                          0x00001c37   Thumb Code    10  pit.o(.text)
    PIT1_IRQHandler                          0x00001c41   Thumb Code    10  pit.o(.text)
    PIT2_IRQHandler                          0x00001c4b   Thumb Code    10  pit.o(.text)
    PIT3_IRQHandler                          0x00001c55   Thumb Code    10  pit.o(.text)
    SPI_CTARConfig                           0x00001d63   Thumb Code   344  spi.o(.text)
    SPI_Init                                 0x00001ebb   Thumb Code   148  spi.o(.text)
    SPI_EnableTxFIFO                         0x00001f4f   Thumb Code    66  spi.o(.text)
    SPI_EnableRxFIFO                         0x00001f91   Thumb Code    66  spi.o(.text)
    SPI_ITDMAConfig                          0x00001fd3   Thumb Code   200  spi.o(.text)
    SPI_CallbackInstall                      0x0000209b   Thumb Code    10  spi.o(.text)
    SPI_ReadWriteByte                        0x000020a5   Thumb Code   112  spi.o(.text)
    SPI0_IRQHandler                          0x0000213f   Thumb Code    10  spi.o(.text)
    SPI1_IRQHandler                          0x00002149   Thumb Code    10  spi.o(.text)
    WDOG_Init                                0x00002171   Thumb Code   108  wdog.o(.text)
    WDOG_QuickInit                           0x000021dd   Thumb Code    24  wdog.o(.text)
    WDOG_ITDMAConfig                         0x000021f5   Thumb Code    86  wdog.o(.text)
    WDOG_CallbackInstall                     0x0000224b   Thumb Code     8  wdog.o(.text)
    WDOG_GetResetCounter                     0x00002253   Thumb Code     6  wdog.o(.text)
    WDOG_ClearResetCounter                   0x00002259   Thumb Code    10  wdog.o(.text)
    WDOG_GetCurrentCounter                   0x00002263   Thumb Code    14  wdog.o(.text)
    WDOG_Refresh                             0x00002271   Thumb Code    32  wdog.o(.text)
    Watchdog_IRQHandler                      0x00002291   Thumb Code    28  wdog.o(.text)
    ADC_IsConversionCompleted                0x000022bd   Thumb Code    26  adc.o(.text)
    ADC_Calibration                          0x000022d7   Thumb Code   254  adc.o(.text)
    ADC_Init                                 0x000023d5   Thumb Code   662  adc.o(.text)
    ADC_EnableHardwareTrigger                0x0000266b   Thumb Code    58  adc.o(.text)
    ADC_ChlMuxConfig                         0x000026a5   Thumb Code    48  adc.o(.text)
    ADC_QuickInit                            0x000026d5   Thumb Code   146  adc.o(.text)
    ADC_StartConversion                      0x00002767   Thumb Code    54  adc.o(.text)
    ADC_ReadValue                            0x0000279d   Thumb Code    16  adc.o(.text)
    ADC_QuickReadValue                       0x000027ad   Thumb Code    52  adc.o(.text)
    ADC_ITDMAConfig                          0x000027e1   Thumb Code   172  adc.o(.text)
    ADC_CallbackInstall                      0x0000288d   Thumb Code    10  adc.o(.text)
    ADC0_IRQHandler                          0x00002897   Thumb Code    16  adc.o(.text)
    ADC1_IRQHandler                          0x000028a7   Thumb Code    16  adc.o(.text)
    HardwareInit                             0x000028c9   Thumb Code   118  main.o(.text)
    main                                     0x0000293f   Thumb Code    68  main.o(.text)
    SysTick_Handler                          0x000029a1   Thumb Code    20  kinetis_it.o(.text)
    PORTB_IRQHandler                         0x000029b5   Thumb Code   470  kinetis_it.o(.text)
    PORTA_IRQHandler                         0x00002b8b   Thumb Code    36  kinetis_it.o(.text)
    PORTC_IRQHandler                         0x00002baf   Thumb Code    54  kinetis_it.o(.text)
    PORTD_IRQHandler                         0x00002be5   Thumb Code    54  kinetis_it.o(.text)
    PORTE_IRQHandler                         0x00002c1b   Thumb Code    54  kinetis_it.o(.text)
    __scatterload                            0x00002c99   Thumb Code    28  init.o(.text)
    __scatterload_rt2                        0x00002c99   Thumb Code     0  init.o(.text)
    __scatterload_copy                       0x00002cbd   Thumb Code    14  handlers.o(i.__scatterload_copy)
    __scatterload_null                       0x00002ccb   Thumb Code     2  handlers.o(i.__scatterload_null)
    __scatterload_zeroinit                   0x00002ccd   Thumb Code    14  handlers.o(i.__scatterload_zeroinit)
    SPI_InstanceTable                        0x00002d74   Data           4  spi.o(.constdata)
    Region$$Table$$Base                      0x00002dfc   Number         0  anon$$obj.o(Region$$Table)
    Region$$Table$$Limit                     0x00002e1c   Number         0  anon$$obj.o(Region$$Table)
    SystemCoreClock                          0x1fffe000   Data           4  system_mk20d5.o(.data)
    PeriphBusClock                           0x1fffe004   Data           4  system_mk20d5.o(.data)
    FlashClock                               0x1fffe008   Data           4  system_mk20d5.o(.data)
    __stdout                                 0x1fffe014   Data           4  uart.o(.data)
    __stdin                                  0x1fffe018   Data           4  uart.o(.data)
    g_iRunTime                               0x1fffe020   Data           4  systick.o(.data)
    led_fx                                   0x1fffe034   Data           4  kinetis_it.o(.data)
    led_dt                                   0x1fffe038   Data           4  kinetis_it.o(.data)
    a_start                                  0x1fffe03c   Data           4  kinetis_it.o(.data)
    a_end                                    0x1fffe040   Data           4  kinetis_it.o(.data)
    a_value                                  0x1fffe044   Data           4  kinetis_it.o(.data)
    __initial_sp                             0x1fffe488   Data           0  startup_mk20d5.o(STACK)



==============================================================================

Memory Map of the image

  Image Entry point : 0x00000411

  Load Region LR_IROM1 (Base: 0x00000000, Size: 0x00002e64, Max: 0x00010000, ABSOLUTE)

    Execution Region ER_IROM1 (Base: 0x00000000, Size: 0x00002e1c, Max: 0x00010000, ABSOLUTE)

    Base Addr    Size         Type   Attr      Idx    E Section Name        Object

    0x00000000   0x00000400   Data   RO           51    RESET               startup_mk20d5.o
    0x00000400   0x00000010   Code   RO           52    .ARM.__at_0x400     startup_mk20d5.o
    0x00000410   0x00000000   Code   RO          428  * .ARM.Collect$$$$00000000  mc_w.l(entry.o)
    0x00000410   0x00000004   Code   RO          431    .ARM.Collect$$$$00000001  mc_w.l(entry2.o)
    0x00000414   0x00000004   Code   RO          434    .ARM.Collect$$$$00000004  mc_w.l(entry5.o)
    0x00000418   0x00000000   Code   RO          436    .ARM.Collect$$$$00000008  mc_w.l(entry7b.o)
    0x00000418   0x00000000   Code   RO          438    .ARM.Collect$$$$0000000A  mc_w.l(entry8b.o)
    0x00000418   0x00000008   Code   RO          439    .ARM.Collect$$$$0000000B  mc_w.l(entry9a.o)
    0x00000420   0x00000000   Code   RO          441    .ARM.Collect$$$$0000000D  mc_w.l(entry10a.o)
    0x00000420   0x00000000   Code   RO          443    .ARM.Collect$$$$0000000F  mc_w.l(entry11a.o)
    0x00000420   0x00000004   Code   RO          432    .ARM.Collect$$$$00002712  mc_w.l(entry2.o)
    0x00000424   0x00000228   Code   RO            3    .text               system_mk20d5.o
    0x0000064c   0x00000024   Code   RO           53    .text               startup_mk20d5.o
    0x00000670   0x000008c4   Code   RO           61    .text               uart.o
    0x00000f34   0x000005cc   Code   RO          114    .text               gpio.o
    0x00001500   0x000000cc   Code   RO          144    .text               systick.o
    0x000015cc   0x0000034c   Code   RO          170    .text               ftm.o
    0x00001918   0x000001c8   Code   RO          197    .text               exti.o
    0x00001ae0   0x000001a0   Code   RO          224    .text               pit.o
    0x00001c80   0x000004dc   Code   RO          251    .text               spi.o
    0x0000215c   0x00000160   Code   RO          320    .text               wdog.o
    0x000022bc   0x0000060c   Code   RO          345    .text               adc.o
    0x000028c8   0x000000d8   Code   RO          371    .text               main.o
    0x000029a0   0x000002f8   Code   RO          401    .text               kinetis_it.o
    0x00002c98   0x00000024   Code   RO          445    .text               mc_w.l(init.o)
    0x00002cbc   0x0000000e   Code   RO          449    i.__scatterload_copy  mc_w.l(handlers.o)
    0x00002cca   0x00000002   Code   RO          450    i.__scatterload_null  mc_w.l(handlers.o)
    0x00002ccc   0x0000000e   Code   RO          451    i.__scatterload_zeroinit  mc_w.l(handlers.o)
    0x00002cda   0x00000002   PAD
    0x00002cdc   0x00000050   Data   RO           63    .constdata          uart.o
    0x00002d2c   0x00000041   Data   RO          116    .constdata          gpio.o
    0x00002d6d   0x00000004   Data   RO          226    .constdata          pit.o
    0x00002d71   0x00000003   PAD
    0x00002d74   0x00000064   Data   RO          252    .constdata          spi.o
    0x00002dd8   0x00000011   Data   RO          346    .constdata          adc.o
    0x00002de9   0x00000011   Data   RO           64    .conststring        uart.o
    0x00002dfa   0x00000002   PAD
    0x00002dfc   0x00000020   Data   RO          447    Region$$Table       anon$$obj.o


    Execution Region RW_IRAM1 (Base: 0x1fffe000, Size: 0x00000488, Max: 0x00002000, ABSOLUTE)

    Base Addr    Size         Type   Attr      Idx    E Section Name        Object

    0x1fffe000   0x0000000c   Data   RW            4    .data               system_mk20d5.o
    0x1fffe00c   0x00000010   Data   RW           65    .data               uart.o
    0x1fffe01c   0x00000008   Data   RW          145    .data               systick.o
    0x1fffe024   0x00000004   Data   RW          227    .data               pit.o
    0x1fffe028   0x00000004   Data   RW          253    .data               spi.o
    0x1fffe02c   0x00000004   Data   RW          321    .data               wdog.o
    0x1fffe030   0x00000004   Data   RW          347    .data               adc.o
    0x1fffe034   0x00000014   Data   RW          402    .data               kinetis_it.o
    0x1fffe048   0x00000018   Zero   RW           62    .bss                uart.o
    0x1fffe060   0x00000014   Zero   RW          115    .bss                gpio.o
    0x1fffe074   0x00000010   Zero   RW          225    .bss                pit.o
    0x1fffe084   0x00000004   PAD
    0x1fffe088   0x00000400   Zero   RW           49    STACK               startup_mk20d5.o


==============================================================================

Image component sizes


      Code (inc. data)   RO Data    RW Data    ZI Data      Debug   Object Name

      1548         36         17          4          0       7179   adc.o
       456         38          0          0          0      23815   exti.o
       844         36          0          0          0       3236   ftm.o
      1484         88         65          0         20      27124   gpio.o
       760         72          0         20          0       1761   kinetis_it.o
       216         30          0          0          0        580   main.o
       416         34          4          4         16       3322   pit.o
      1244         46        100          4          0       5938   spi.o
        52         24       1024          0       1024        916   startup_mk20d5.o
       552         46          0         12          0     150267   system_mk20d5.o
       204         22          0          8          0       3596   systick.o
      2244         76         97         16         24      34245   uart.o
       352         16          0          4          0       3225   wdog.o

    ----------------------------------------------------------------------
     10372        564       1344         72       1088     265204   Object Totals
         0          0         32          0          0          0   (incl. Generated)
         0          0          5          0          4          0   (incl. Padding)

    ----------------------------------------------------------------------

      Code (inc. data)   RO Data    RW Data    ZI Data      Debug   Library Member Name

         0          0          0          0          0          0   entry.o
         0          0          0          0          0          0   entry10a.o
         0          0          0          0          0          0   entry11a.o
         8          4          0          0          0          0   entry2.o
         4          0          0          0          0          0   entry5.o
         0          0          0          0          0          0   entry7b.o
         0          0          0          0          0          0   entry8b.o
         8          4          0          0          0          0   entry9a.o
        30          0          0          0          0          0   handlers.o
        36          8          0          0          0         68   init.o

    ----------------------------------------------------------------------
        88         16          0          0          0         68   Library Totals
         2          0          0          0          0          0   (incl. Padding)

    ----------------------------------------------------------------------

      Code (inc. data)   RO Data    RW Data    ZI Data      Debug   Library Name

        86         16          0          0          0         68   mc_w.l

    ----------------------------------------------------------------------
        88         16          0          0          0         68   Library Totals

    ----------------------------------------------------------------------

==============================================================================


      Code (inc. data)   RO Data    RW Data    ZI Data      Debug   

     10460        580       1344         72       1088     264232   Grand Totals
     10460        580       1344         72       1088     264232   ELF Image Totals
     10460        580       1344         72          0          0   ROM Totals

==============================================================================

    Total RO  Size (Code + RO Data)                11804 (  11.53kB)
    Total RW  Size (RW Data + ZI Data)              1160 (   1.13kB)
    Total ROM Size (Code + RO Data + RW Data)      11876 (  11.60kB)

==============================================================================

