ARM Linker, 5.03 [Build 76] [MDK-ARM Standard]

==============================================================================

Section Cross References

    system_mk20d5.o(.text) refers to system_mk20d5.o(.data) for SystemCoreClock
    startup_mk20d5.o(RESET) refers to startup_mk20d5.o(STACK) for __initial_sp
    startup_mk20d5.o(RESET) refers to startup_mk20d5.o(.text) for Reset_Handler
    startup_mk20d5.o(RESET) refers to kinetis_it.o(.text) for SysTick_Handler
    startup_mk20d5.o(RESET) refers to wdog.o(.text) for Watchdog_IRQHandler
    startup_mk20d5.o(RESET) refers to spi.o(.text) for SPI0_IRQHandler
    startup_mk20d5.o(RESET) refers to uart.o(.text) for UART0_RX_TX_IRQHandler
    startup_mk20d5.o(RESET) refers to adc.o(.text) for ADC0_IRQHandler
    startup_mk20d5.o(RESET) refers to pit.o(.text) for PIT0_IRQHandler
    startup_mk20d5.o(.text) refers to system_mk20d5.o(.text) for SystemInit
    startup_mk20d5.o(.text) refers to entry.o(.ARM.Collect$$$$00000000) for __main
    uart.o(.text) refers to uart.o(.constdata) for UARTBase
    uart.o(.text) refers to uart.o(.data) for UART_DebugInstance
    uart.o(.text) refers to system_mk20d5.o(.data) for PeriphBusClock
    uart.o(.text) refers to uart.o(.bss) for UART_CallBackTxTable
    uart.o(.data) refers to uart.o(.conststring) for .conststring
    gpio.o(.text) refers to gpio.o(.constdata) for SIM_GPIOClockGateTable
    gpio.o(.text) refers to gpio.o(.bss) for GPIO_CallBackTable
    systick.o(.text) refers to system_mk20d5.o(.text) for SystemCoreClockUpdate
    systick.o(.text) refers to systick.o(.data) for TimingDelay
    systick.o(.text) refers to system_mk20d5.o(.data) for SystemCoreClock
    ftm.o(.text) refers to system_mk20d5.o(.data) for PeriphBusClock
    pit.o(.text) refers to system_mk20d5.o(.data) for PeriphBusClock
    pit.o(.text) refers to pit.o(.data) for fac_us
    pit.o(.text) refers to pit.o(.constdata) for PIT_IRQnTable
    pit.o(.text) refers to pit.o(.bss) for PIT_CallBackTable
    spi.o(.text) refers to spi.o(.constdata) for SPI_InstanceTable
    spi.o(.text) refers to system_mk20d5.o(.data) for PeriphBusClock
    spi.o(.text) refers to spi.o(.data) for SPI_CallBackTable
    i2c.o(.text) refers to gpio.o(.text) for GPIO_QuickInit
    i2c.o(.text) refers to systick.o(.text) for DelayUs
    i2c.o(.text) refers to i2c.o(.bss) for i2c
    wdog.o(.text) refers to system_mk20d5.o(.data) for PeriphBusClock
    wdog.o(.text) refers to wdog.o(.data) for WDOG_CallBackTable
    adc.o(.text) refers to adc.o(.constdata) for ADC_InstanceTable
    adc.o(.text) refers to gpio.o(.text) for PORT_PinMuxConfig
    adc.o(.text) refers to adc.o(.data) for ADC_CallBackTable
    main.o(.text) refers to gpio.o(.text) for GPIO_Configuration
    main.o(.text) refers to systick.o(.text) for Systick_Initial
    main.o(.text) refers to adc.o(.text) for ADC_Init
    main.o(.text) refers to fflti.o(.text) for __aeabi_i2f
    main.o(.text) refers to fdiv.o(.text) for __aeabi_fdiv
    main.o(.text) refers to f2d.o(.text) for __aeabi_f2d
    main.o(.text) refers to dmul.o(.text) for __aeabi_dmul
    main.o(.text) refers to d2f.o(.text) for __aeabi_d2f
    main.o(.text) refers to cdrcmple.o(.text) for __aeabi_cdrcmple
    main.o(.text) refers to dadd.o(.text) for __aeabi_dsub
    main.o(.text) refers to ddiv.o(.text) for __aeabi_ddiv
    main.o(.text) refers to fadd.o(.text) for __aeabi_fsub
    main.o(.text) refers to main.o(.data) for i
    kinetis_it.o(.text) refers to systick.o(.text) for TimingDelay_Decrement
    kinetis_it.o(.text) refers to gpio.o(.text) for GPIO_Toggle
    kinetis_it.o(.text) refers to pit.o(.text) for PIT_GetCounterValue
    kinetis_it.o(.text) refers to ftm.o(.text) for FTM_PWM_Duty
    kinetis_it.o(.text) refers to kinetis_it.o(.data) for a_start
    entry.o(.ARM.Collect$$$$00000000) refers (Special) to entry10a.o(.ARM.Collect$$$$0000000D) for __rt_final_cpp
    entry.o(.ARM.Collect$$$$00000000) refers (Special) to entry11a.o(.ARM.Collect$$$$0000000F) for __rt_final_exit
    entry.o(.ARM.Collect$$$$00000000) refers (Special) to entry7b.o(.ARM.Collect$$$$00000008) for _main_clock
    entry.o(.ARM.Collect$$$$00000000) refers (Special) to entry8b.o(.ARM.Collect$$$$0000000A) for _main_cpp_init
    entry.o(.ARM.Collect$$$$00000000) refers (Special) to entry9a.o(.ARM.Collect$$$$0000000B) for _main_init
    entry.o(.ARM.Collect$$$$00000000) refers (Special) to entry5.o(.ARM.Collect$$$$00000004) for _main_scatterload
    entry.o(.ARM.Collect$$$$00000000) refers (Special) to entry2.o(.ARM.Collect$$$$00000001) for _main_stk
    fadd.o(.text) refers (Special) to iusefp.o(.text) for __I$use$fp
    fadd.o(.text) refers to fepilogue.o(.text) for _float_epilogue
    fdiv.o(.text) refers (Special) to iusefp.o(.text) for __I$use$fp
    fdiv.o(.text) refers to fepilogue.o(.text) for _float_round
    dadd.o(.text) refers (Special) to iusefp.o(.text) for __I$use$fp
    dadd.o(.text) refers to llshl.o(.text) for __aeabi_llsl
    dadd.o(.text) refers to llsshr.o(.text) for __aeabi_lasr
    dadd.o(.text) refers to depilogue.o(.text) for _double_epilogue
    dmul.o(.text) refers (Special) to iusefp.o(.text) for __I$use$fp
    dmul.o(.text) refers to depilogue.o(.text) for _double_epilogue
    ddiv.o(.text) refers (Special) to iusefp.o(.text) for __I$use$fp
    ddiv.o(.text) refers to depilogue.o(.text) for _double_round
    fflti.o(.text) refers (Special) to iusefp.o(.text) for __I$use$fp
    fflti.o(.text) refers to fepilogue.o(.text) for _float_epilogue
    f2d.o(.text) refers (Special) to iusefp.o(.text) for __I$use$fp
    cdrcmple.o(.text) refers (Special) to iusefp.o(.text) for __I$use$fp
    d2f.o(.text) refers (Special) to iusefp.o(.text) for __I$use$fp
    d2f.o(.text) refers to fepilogue.o(.text) for _float_round
    entry2.o(.ARM.Collect$$$$00000001) refers to entry2.o(.ARM.Collect$$$$00002712) for __lit__00000000
    entry2.o(.ARM.Collect$$$$00002712) refers to startup_mk20d5.o(STACK) for __initial_sp
    entry2.o(__vectab_stack_and_reset_area) refers to startup_mk20d5.o(STACK) for __initial_sp
    entry2.o(__vectab_stack_and_reset_area) refers to entry.o(.ARM.Collect$$$$00000000) for __main
    entry5.o(.ARM.Collect$$$$00000004) refers to init.o(.text) for __scatterload
    entry9a.o(.ARM.Collect$$$$0000000B) refers to main.o(.text) for main
    entry9b.o(.ARM.Collect$$$$0000000C) refers to main.o(.text) for main
    depilogue.o(.text) refers to llshl.o(.text) for __aeabi_llsl
    depilogue.o(.text) refers to llushr.o(.text) for __aeabi_llsr
    init.o(.text) refers to entry5.o(.ARM.Collect$$$$00000004) for __main_after_scatterload


==============================================================================

Removing Unused input sections from the image.

    Removing system_mk20d5.o(.rev16_text), (4 bytes).
    Removing system_mk20d5.o(.revsh_text), (4 bytes).
    Removing startup_mk20d5.o(HEAP), (0 bytes).
    Removing uart.o(.rev16_text), (4 bytes).
    Removing uart.o(.revsh_text), (4 bytes).
    Removing gpio.o(.rev16_text), (4 bytes).
    Removing gpio.o(.revsh_text), (4 bytes).
    Removing systick.o(.rev16_text), (4 bytes).
    Removing systick.o(.revsh_text), (4 bytes).
    Removing ftm.o(.rev16_text), (4 bytes).
    Removing ftm.o(.revsh_text), (4 bytes).
    Removing exti.o(.rev16_text), (4 bytes).
    Removing exti.o(.revsh_text), (4 bytes).
    Removing exti.o(.text), (456 bytes).
    Removing pit.o(.rev16_text), (4 bytes).
    Removing pit.o(.revsh_text), (4 bytes).
    Removing spi.o(.rev16_text), (4 bytes).
    Removing spi.o(.revsh_text), (4 bytes).
    Removing i2c.o(.rev16_text), (4 bytes).
    Removing i2c.o(.revsh_text), (4 bytes).
    Removing i2c.o(.text), (1632 bytes).
    Removing i2c.o(.bss), (12 bytes).
    Removing can.o(.rev16_text), (4 bytes).
    Removing can.o(.revsh_text), (4 bytes).
    Removing wdog.o(.rev16_text), (4 bytes).
    Removing wdog.o(.revsh_text), (4 bytes).
    Removing adc.o(.rev16_text), (4 bytes).
    Removing adc.o(.revsh_text), (4 bytes).
    Removing main.o(.rev16_text), (4 bytes).
    Removing main.o(.revsh_text), (4 bytes).
    Removing kinetis_it.o(.rev16_text), (4 bytes).
    Removing kinetis_it.o(.revsh_text), (4 bytes).

32 unused section(s) (total 2212 bytes) removed from the image.

==============================================================================

Image Symbol Table

    Local Symbols

    Symbol Name                              Value     Ov Type        Size  Object(Section)

    RESET                                    0x00000000   Section     1024  startup_mk20d5.o(RESET)
    ../clib/microlib/init/entry.s            0x00000000   Number         0  entry8b.o ABSOLUTE
    ../clib/microlib/init/entry.s            0x00000000   Number         0  entry.o ABSOLUTE
    ../clib/microlib/init/entry.s            0x00000000   Number         0  entry2.o ABSOLUTE
    ../clib/microlib/init/entry.s            0x00000000   Number         0  entry10b.o ABSOLUTE
    ../clib/microlib/init/entry.s            0x00000000   Number         0  entry10a.o ABSOLUTE
    ../clib/microlib/init/entry.s            0x00000000   Number         0  entry9b.o ABSOLUTE
    ../clib/microlib/init/entry.s            0x00000000   Number         0  entry11b.o ABSOLUTE
    ../clib/microlib/init/entry.s            0x00000000   Number         0  entry11a.o ABSOLUTE
    ../clib/microlib/init/entry.s            0x00000000   Number         0  entry9a.o ABSOLUTE
    ../clib/microlib/init/entry.s            0x00000000   Number         0  entry8a.o ABSOLUTE
    ../clib/microlib/init/entry.s            0x00000000   Number         0  entry7b.o ABSOLUTE
    ../clib/microlib/init/entry.s            0x00000000   Number         0  entry7a.o ABSOLUTE
    ../clib/microlib/init/entry.s            0x00000000   Number         0  entry5.o ABSOLUTE
    ../clib/microlib/longlong.c              0x00000000   Number         0  llushr.o ABSOLUTE
    ../clib/microlib/longlong.c              0x00000000   Number         0  llsshr.o ABSOLUTE
    ../clib/microlib/longlong.c              0x00000000   Number         0  llshl.o ABSOLUTE
    ../clib/microlib/stubs.s                 0x00000000   Number         0  iusefp.o ABSOLUTE
    ../fplib/microlib/d2f.c                  0x00000000   Number         0  d2f.o ABSOLUTE
    ../fplib/microlib/f2d.c                  0x00000000   Number         0  f2d.o ABSOLUTE
    ../fplib/microlib/fpadd.c                0x00000000   Number         0  fadd.o ABSOLUTE
    ../fplib/microlib/fpadd.c                0x00000000   Number         0  dadd.o ABSOLUTE
    ../fplib/microlib/fpdiv.c                0x00000000   Number         0  ddiv.o ABSOLUTE
    ../fplib/microlib/fpdiv.c                0x00000000   Number         0  fdiv.o ABSOLUTE
    ../fplib/microlib/fpepilogue.c           0x00000000   Number         0  depilogue.o ABSOLUTE
    ../fplib/microlib/fpepilogue.c           0x00000000   Number         0  fepilogue.o ABSOLUTE
    ../fplib/microlib/fpflt.c                0x00000000   Number         0  fflti.o ABSOLUTE
    ../fplib/microlib/fpmul.c                0x00000000   Number         0  dmul.o ABSOLUTE
    ..\Drivers\FTM.c                         0x00000000   Number         0  ftm.o ABSOLUTE
    ..\Drivers\adc.c                         0x00000000   Number         0  adc.o ABSOLUTE
    ..\Drivers\can.c                         0x00000000   Number         0  can.o ABSOLUTE
    ..\Drivers\exti.c                        0x00000000   Number         0  exti.o ABSOLUTE
    ..\Drivers\gpio.c                        0x00000000   Number         0  gpio.o ABSOLUTE
    ..\Drivers\i2c.c                         0x00000000   Number         0  i2c.o ABSOLUTE
    ..\Drivers\pit.c                         0x00000000   Number         0  pit.o ABSOLUTE
    ..\Drivers\spi.c                         0x00000000   Number         0  spi.o ABSOLUTE
    ..\Drivers\systick.c                     0x00000000   Number         0  systick.o ABSOLUTE
    ..\Drivers\uart.c                        0x00000000   Number         0  uart.o ABSOLUTE
    ..\Drivers\wdog.c                        0x00000000   Number         0  wdog.o ABSOLUTE
    ..\Startup\startup_MK20D5.s              0x00000000   Number         0  startup_mk20d5.o ABSOLUTE
    ..\Startup\system_MK20D5.c               0x00000000   Number         0  system_mk20d5.o ABSOLUTE
    ..\Users\kinetis_it.c                    0x00000000   Number         0  kinetis_it.o ABSOLUTE
    ..\Users\main.c                          0x00000000   Number         0  main.o ABSOLUTE
    ..\\Drivers\\FTM.c                       0x00000000   Number         0  ftm.o ABSOLUTE
    ..\\Drivers\\adc.c                       0x00000000   Number         0  adc.o ABSOLUTE
    ..\\Drivers\\can.c                       0x00000000   Number         0  can.o ABSOLUTE
    ..\\Drivers\\exti.c                      0x00000000   Number         0  exti.o ABSOLUTE
    ..\\Drivers\\gpio.c                      0x00000000   Number         0  gpio.o ABSOLUTE
    ..\\Drivers\\i2c.c                       0x00000000   Number         0  i2c.o ABSOLUTE
    ..\\Drivers\\pit.c                       0x00000000   Number         0  pit.o ABSOLUTE
    ..\\Drivers\\spi.c                       0x00000000   Number         0  spi.o ABSOLUTE
    ..\\Drivers\\systick.c                   0x00000000   Number         0  systick.o ABSOLUTE
    ..\\Drivers\\uart.c                      0x00000000   Number         0  uart.o ABSOLUTE
    ..\\Drivers\\wdog.c                      0x00000000   Number         0  wdog.o ABSOLUTE
    ..\\Startup\\system_MK20D5.c             0x00000000   Number         0  system_mk20d5.o ABSOLUTE
    ..\\Users\\kinetis_it.c                  0x00000000   Number         0  kinetis_it.o ABSOLUTE
    ..\\Users\\main.c                        0x00000000   Number         0  main.o ABSOLUTE
    cdrcmple.s                               0x00000000   Number         0  cdrcmple.o ABSOLUTE
    dc.s                                     0x00000000   Number         0  dc.o ABSOLUTE
    handlers.s                               0x00000000   Number         0  handlers.o ABSOLUTE
    init.s                                   0x00000000   Number         0  init.o ABSOLUTE
    .ARM.__at_0x400                          0x00000400   Section       16  startup_mk20d5.o(.ARM.__at_0x400)
    .ARM.Collect$$$$00000000                 0x00000410   Section        0  entry.o(.ARM.Collect$$$$00000000)
    .ARM.Collect$$$$00000001                 0x00000410   Section        4  entry2.o(.ARM.Collect$$$$00000001)
    .ARM.Collect$$$$00000004                 0x00000414   Section        4  entry5.o(.ARM.Collect$$$$00000004)
    .ARM.Collect$$$$00000008                 0x00000418   Section        0  entry7b.o(.ARM.Collect$$$$00000008)
    .ARM.Collect$$$$0000000A                 0x00000418   Section        0  entry8b.o(.ARM.Collect$$$$0000000A)
    .ARM.Collect$$$$0000000B                 0x00000418   Section        8  entry9a.o(.ARM.Collect$$$$0000000B)
    .ARM.Collect$$$$0000000D                 0x00000420   Section        0  entry10a.o(.ARM.Collect$$$$0000000D)
    .ARM.Collect$$$$0000000F                 0x00000420   Section        0  entry11a.o(.ARM.Collect$$$$0000000F)
    .ARM.Collect$$$$00002712                 0x00000420   Section        4  entry2.o(.ARM.Collect$$$$00002712)
    __lit__00000000                          0x00000420   Data           4  entry2.o(.ARM.Collect$$$$00002712)
    .text                                    0x00000424   Section        0  system_mk20d5.o(.text)
    .text                                    0x0000064c   Section       36  startup_mk20d5.o(.text)
    .text                                    0x00000670   Section        0  uart.o(.text)
    UART_putstr                              0x00000763   Thumb Code    26  uart.o(.text)
    printn                                   0x0000077d   Thumb Code    48  uart.o(.text)
    UART_IRQ_Handler                         0x00000e15   Thumb Code   224  uart.o(.text)
    NVIC_EnableIRQ                           0x00000f13   Thumb Code    24  uart.o(.text)
    .text                                    0x00000f34   Section        0  gpio.o(.text)
    NVIC_EnableIRQ                           0x000014d1   Thumb Code    24  gpio.o(.text)
    .text                                    0x00001500   Section        0  systick.o(.text)
    .text                                    0x000015cc   Section        0  ftm.o(.text)
    .text                                    0x00001918   Section        0  pit.o(.text)
    PIT_IRQHandler                           0x00001a45   Thumb Code    42  pit.o(.text)
    .text                                    0x00001ab8   Section        0  spi.o(.text)
    dspi_hal_set_baud                        0x00001ab9   Thumb Code   226  spi.o(.text)
    SPI_IRQHandler                           0x00001f4d   Thumb Code    42  spi.o(.text)
    .text                                    0x00001f94   Section        0  wdog.o(.text)
    WDOG_Unlock                              0x00001f95   Thumb Code    20  wdog.o(.text)
    .text                                    0x000020f4   Section        0  adc.o(.text)
    .text                                    0x00002700   Section        0  main.o(.text)
    .text                                    0x000028cc   Section        0  kinetis_it.o(.text)
    .text                                    0x00002bc4   Section        0  fadd.o(.text)
    .text                                    0x00002c74   Section        0  fdiv.o(.text)
    .text                                    0x00002cf4   Section        0  dadd.o(.text)
    .text                                    0x00002e42   Section        0  dmul.o(.text)
    .text                                    0x00002f26   Section        0  ddiv.o(.text)
    .text                                    0x00003004   Section        0  fflti.o(.text)
    .text                                    0x00003016   Section        0  f2d.o(.text)
    .text                                    0x0000303c   Section       40  cdrcmple.o(.text)
    .text                                    0x00003064   Section        0  d2f.o(.text)
    .text                                    0x0000309c   Section        0  llshl.o(.text)
    .text                                    0x000030ba   Section        0  llsshr.o(.text)
    .text                                    0x000030de   Section        0  fepilogue.o(.text)
    .text                                    0x000030de   Section        0  iusefp.o(.text)
    .text                                    0x0000314a   Section        0  depilogue.o(.text)
    .text                                    0x00003208   Section       36  init.o(.text)
    .text                                    0x0000322c   Section        0  llushr.o(.text)
    i.__scatterload_copy                     0x0000324c   Section       14  handlers.o(i.__scatterload_copy)
    i.__scatterload_null                     0x0000325a   Section        2  handlers.o(i.__scatterload_null)
    i.__scatterload_zeroinit                 0x0000325c   Section       14  handlers.o(i.__scatterload_zeroinit)
    .constdata                               0x0000326c   Section       80  uart.o(.constdata)
    UARTBase                                 0x0000326c   Data          12  uart.o(.constdata)
    ClkTbl                                   0x00003278   Data          36  uart.o(.constdata)
    UART_IRQnTable                           0x0000329c   Data           3  uart.o(.constdata)
    UART_TIFOSizeTable                       0x000032a0   Data          28  uart.o(.constdata)
    .constdata                               0x000032bc   Section       65  gpio.o(.constdata)
    GPIO_InstanceTable                       0x000032bc   Data          20  gpio.o(.constdata)
    PORT_InstanceTable                       0x000032d0   Data          20  gpio.o(.constdata)
    SIM_GPIOClockGateTable                   0x000032e4   Data          20  gpio.o(.constdata)
    GPIO_IRQnTable                           0x000032f8   Data           5  gpio.o(.constdata)
    .constdata                               0x000032fd   Section        4  pit.o(.constdata)
    PIT_IRQnTable                            0x000032fd   Data           4  pit.o(.constdata)
    .constdata                               0x00003304   Section      100  spi.o(.constdata)
    SIM_SPIClockGateTable                    0x00003308   Data          12  spi.o(.constdata)
    SPI_IRQnTable                            0x00003314   Data           1  spi.o(.constdata)
    s_baudratePrescaler                      0x00003318   Data          16  spi.o(.constdata)
    s_baudrateScaler                         0x00003328   Data          64  spi.o(.constdata)
    .constdata                               0x00003368   Section       17  adc.o(.constdata)
    ADC_InstanceTable                        0x00003368   Data           4  adc.o(.constdata)
    SIM_ADCClockGateTable                    0x0000336c   Data          12  adc.o(.constdata)
    ADC_IRQnTable                            0x00003378   Data           1  adc.o(.constdata)
    .conststring                             0x00003379   Section       17  uart.o(.conststring)
    .data                                    0x1fffe000   Section       12  system_mk20d5.o(.data)
    .data                                    0x1fffe00c   Section       16  uart.o(.data)
    ntab                                     0x1fffe00c   Data           4  uart.o(.data)
    is_fitst_init                            0x1fffe010   Data           1  uart.o(.data)
    UART_DebugInstance                       0x1fffe011   Data           1  uart.o(.data)
    .data                                    0x1fffe01c   Section        8  systick.o(.data)
    TimingDelay                              0x1fffe01c   Data           4  systick.o(.data)
    .data                                    0x1fffe024   Section        4  pit.o(.data)
    fac_us                                   0x1fffe024   Data           4  pit.o(.data)
    .data                                    0x1fffe028   Section        4  spi.o(.data)
    SPI_CallBackTable                        0x1fffe028   Data           4  spi.o(.data)
    .data                                    0x1fffe02c   Section        4  wdog.o(.data)
    WDOG_CallBackTable                       0x1fffe02c   Data           4  wdog.o(.data)
    .data                                    0x1fffe030   Section        4  adc.o(.data)
    ADC_CallBackTable                        0x1fffe030   Data           4  adc.o(.data)
    .data                                    0x1fffe034   Section       12  main.o(.data)
    .data                                    0x1fffe040   Section       20  kinetis_it.o(.data)
    .bss                                     0x1fffe054   Section       24  uart.o(.bss)
    UART_CallBackTxTable                     0x1fffe054   Data          12  uart.o(.bss)
    UART_CallBackRxTable                     0x1fffe060   Data          12  uart.o(.bss)
    .bss                                     0x1fffe06c   Section       20  gpio.o(.bss)
    GPIO_CallBackTable                       0x1fffe06c   Data          20  gpio.o(.bss)
    .bss                                     0x1fffe080   Section       16  pit.o(.bss)
    PIT_CallBackTable                        0x1fffe080   Data          16  pit.o(.bss)
    STACK                                    0x1fffe090   Section     1024  startup_mk20d5.o(STACK)

    Global Symbols

    Symbol Name                              Value     Ov Type        Size  Object(Section)

    BuildAttributes$$THM_ISAv4$E$P$D$K$B$S$7EM$PE$A:L22UL41UL21$X:L11$S22US41US21$IEEE1$IW$USESV6$~STKCKD$USESV7$~SHL$OTIME$ROPI$EBA8$MICROLIB$REQ8$PRES8$EABIv2 0x00000000   Number         0  anon$$obj.o ABSOLUTE
    __ARM_use_no_argv                        0x00000000   Number         0  main.o ABSOLUTE
    __Vectors                                0x00000000   Data           4  startup_mk20d5.o(RESET)
    __cpp_initialize__aeabi_                  - Undefined Weak Reference
    __cxa_finalize                            - Undefined Weak Reference
    __decompress                              - Undefined Weak Reference
    _clock_init                               - Undefined Weak Reference
    _microlib_exit                            - Undefined Weak Reference
    __Vectors_End                            0x00000400   Data           0  startup_mk20d5.o(RESET)
    __Vectors_Size                           0x00000400   Number         0  startup_mk20d5.o ABSOLUTE
    __main                                   0x00000411   Thumb Code     0  entry.o(.ARM.Collect$$$$00000000)
    _main_stk                                0x00000411   Thumb Code     0  entry2.o(.ARM.Collect$$$$00000001)
    _main_scatterload                        0x00000415   Thumb Code     0  entry5.o(.ARM.Collect$$$$00000004)
    __main_after_scatterload                 0x00000419   Thumb Code     0  entry5.o(.ARM.Collect$$$$00000004)
    _main_clock                              0x00000419   Thumb Code     0  entry7b.o(.ARM.Collect$$$$00000008)
    _main_cpp_init                           0x00000419   Thumb Code     0  entry8b.o(.ARM.Collect$$$$0000000A)
    _main_init                               0x00000419   Thumb Code     0  entry9a.o(.ARM.Collect$$$$0000000B)
    __rt_final_cpp                           0x00000421   Thumb Code     0  entry10a.o(.ARM.Collect$$$$0000000D)
    __rt_final_exit                          0x00000421   Thumb Code     0  entry11a.o(.ARM.Collect$$$$0000000F)
    SystemInit                               0x00000425   Thumb Code   158  system_mk20d5.o(.text)
    SystemCoreClockUpdate                    0x000004c3   Thumb Code   356  system_mk20d5.o(.text)
    Reset_Handler                            0x0000064d   Thumb Code     8  startup_mk20d5.o(.text)
    NMI_Handler                              0x00000655   Thumb Code     2  startup_mk20d5.o(.text)
    HardFault_Handler                        0x00000657   Thumb Code     2  startup_mk20d5.o(.text)
    MemManage_Handler                        0x00000659   Thumb Code     2  startup_mk20d5.o(.text)
    BusFault_Handler                         0x0000065b   Thumb Code     2  startup_mk20d5.o(.text)
    UsageFault_Handler                       0x0000065d   Thumb Code     2  startup_mk20d5.o(.text)
    SVC_Handler                              0x0000065f   Thumb Code     2  startup_mk20d5.o(.text)
    DebugMon_Handler                         0x00000661   Thumb Code     2  startup_mk20d5.o(.text)
    PendSV_Handler                           0x00000663   Thumb Code     2  startup_mk20d5.o(.text)
    CMP0_IRQHandler                          0x00000667   Thumb Code     0  startup_mk20d5.o(.text)
    CMP1_IRQHandler                          0x00000667   Thumb Code     0  startup_mk20d5.o(.text)
    CMT_IRQHandler                           0x00000667   Thumb Code     0  startup_mk20d5.o(.text)
    DMA0_IRQHandler                          0x00000667   Thumb Code     0  startup_mk20d5.o(.text)
    DMA1_IRQHandler                          0x00000667   Thumb Code     0  startup_mk20d5.o(.text)
    DMA2_IRQHandler                          0x00000667   Thumb Code     0  startup_mk20d5.o(.text)
    DMA3_IRQHandler                          0x00000667   Thumb Code     0  startup_mk20d5.o(.text)
    DMA_Error_IRQHandler                     0x00000667   Thumb Code     0  startup_mk20d5.o(.text)
    DefaultISR                               0x00000667   Thumb Code     0  startup_mk20d5.o(.text)
    FTFL_IRQHandler                          0x00000667   Thumb Code     0  startup_mk20d5.o(.text)
    FTM0_IRQHandler                          0x00000667   Thumb Code     0  startup_mk20d5.o(.text)
    FTM1_IRQHandler                          0x00000667   Thumb Code     0  startup_mk20d5.o(.text)
    I2C0_IRQHandler                          0x00000667   Thumb Code     0  startup_mk20d5.o(.text)
    I2S0_Rx_IRQHandler                       0x00000667   Thumb Code     0  startup_mk20d5.o(.text)
    I2S0_Tx_IRQHandler                       0x00000667   Thumb Code     0  startup_mk20d5.o(.text)
    LLW_IRQHandler                           0x00000667   Thumb Code     0  startup_mk20d5.o(.text)
    LPTimer_IRQHandler                       0x00000667   Thumb Code     0  startup_mk20d5.o(.text)
    LVD_LVW_IRQHandler                       0x00000667   Thumb Code     0  startup_mk20d5.o(.text)
    MCG_IRQHandler                           0x00000667   Thumb Code     0  startup_mk20d5.o(.text)
    PDB0_IRQHandler                          0x00000667   Thumb Code     0  startup_mk20d5.o(.text)
    RTC_IRQHandler                           0x00000667   Thumb Code     0  startup_mk20d5.o(.text)
    RTC_Seconds_IRQHandler                   0x00000667   Thumb Code     0  startup_mk20d5.o(.text)
    Read_Collision_IRQHandler                0x00000667   Thumb Code     0  startup_mk20d5.o(.text)
    Reserved21_IRQHandler                    0x00000667   Thumb Code     0  startup_mk20d5.o(.text)
    SWI_IRQHandler                           0x00000667   Thumb Code     0  startup_mk20d5.o(.text)
    TSI0_IRQHandler                          0x00000667   Thumb Code     0  startup_mk20d5.o(.text)
    UART0_ERR_IRQHandler                     0x00000667   Thumb Code     0  startup_mk20d5.o(.text)
    UART0_LON_IRQHandler                     0x00000667   Thumb Code     0  startup_mk20d5.o(.text)
    UART1_ERR_IRQHandler                     0x00000667   Thumb Code     0  startup_mk20d5.o(.text)
    UART2_ERR_IRQHandler                     0x00000667   Thumb Code     0  startup_mk20d5.o(.text)
    USB0_IRQHandler                          0x00000667   Thumb Code     0  startup_mk20d5.o(.text)
    USBDCD_IRQHandler                        0x00000667   Thumb Code     0  startup_mk20d5.o(.text)
    UART_GetTxFIFOSize                       0x00000671   Thumb Code    22  uart.o(.text)
    UART_WriteByte                           0x00000687   Thumb Code   116  uart.o(.text)
    fputc                                    0x000006fb   Thumb Code    20  uart.o(.text)
    UART_ReadByte                            0x0000070f   Thumb Code    56  uart.o(.text)
    fgetc                                    0x00000747   Thumb Code    28  uart.o(.text)
    UART_printf                              0x000007ad   Thumb Code   110  uart.o(.text)
    UART_Init                                0x0000081b   Thumb Code   732  uart.o(.text)
    UART_DeInit                              0x00000af7   Thumb Code    74  uart.o(.text)
    UART_SelectDebugInstance                 0x00000b41   Thumb Code     6  uart.o(.text)
    UART_EnableTxFIFO                        0x00000b47   Thumb Code    46  uart.o(.text)
    UART_EnableRxFIFO                        0x00000b75   Thumb Code    46  uart.o(.text)
    UART_GetRxFIFOSize                       0x00000ba3   Thumb Code    22  uart.o(.text)
    UART_SetTxFIFOWatermark                  0x00000bb9   Thumb Code    50  uart.o(.text)
    UART_SetRxFIFOWatermark                  0x00000beb   Thumb Code    50  uart.o(.text)
    UART_ITDMAConfig                         0x00000c1d   Thumb Code   408  uart.o(.text)
    UART_CallbackTxInstall                   0x00000db5   Thumb Code    48  uart.o(.text)
    UART_CallbackRxInstall                   0x00000de5   Thumb Code    48  uart.o(.text)
    UART0_RX_TX_IRQHandler                   0x00000ef5   Thumb Code    10  uart.o(.text)
    UART1_RX_TX_IRQHandler                   0x00000eff   Thumb Code    10  uart.o(.text)
    UART2_RX_TX_IRQHandler                   0x00000f09   Thumb Code    10  uart.o(.text)
    GPIO_Configuration                       0x00000f35   Thumb Code   196  gpio.o(.text)
    GPIO_Reset                               0x00000ff9   Thumb Code    12  gpio.o(.text)
    GPIO_Set                                 0x00001005   Thumb Code    12  gpio.o(.text)
    GPIO_Toggle                              0x00001011   Thumb Code    12  gpio.o(.text)
    Read_InputDataBit                        0x0000101d   Thumb Code    52  gpio.o(.text)
    GPIO_PinConfig                           0x00001051   Thumb Code    70  gpio.o(.text)
    GPIO_WriteBit                            0x00001097   Thumb Code    68  gpio.o(.text)
    GPIO_ReadBit                             0x000010db   Thumb Code    50  gpio.o(.text)
    PORT_PinMuxConfig                        0x0000110d   Thumb Code    74  gpio.o(.text)
    PORT_PinOpenDrainConfig                  0x00001157   Thumb Code    72  gpio.o(.text)
    PORT_PinPullConfig                       0x0000119f   Thumb Code   162  gpio.o(.text)
    GPIO_Init                                0x00001241   Thumb Code   196  gpio.o(.text)
    GPIO_QuickInit                           0x00001305   Thumb Code    80  gpio.o(.text)
    GPIO_CallbackInstall                     0x00001355   Thumb Code    26  gpio.o(.text)
    GPIO_ITDMAConfig                         0x0000136f   Thumb Code   354  gpio.o(.text)
    Systick_Initial                          0x00001501   Thumb Code     8  systick.o(.text)
    Delay_10us                               0x00001509   Thumb Code    16  systick.o(.text)
    DWT_DelayUs                              0x00001519   Thumb Code    62  systick.o(.text)
    DelayUs                                  0x00001557   Thumb Code    12  systick.o(.text)
    Delay_ms                                 0x00001563   Thumb Code    16  systick.o(.text)
    TimingDelay_Decrement                    0x00001573   Thumb Code    18  systick.o(.text)
    SysTick_ISR                              0x00001585   Thumb Code    26  systick.o(.text)
    Systick_GetRunTime                       0x0000159f   Thumb Code    24  systick.o(.text)
    FTM_PWM_init                             0x000015cd   Thumb Code   624  ftm.o(.text)
    FTM_PWM_Duty                             0x0000183d   Thumb Code    80  ftm.o(.text)
    FTM_PWM_freq                             0x0000188d   Thumb Code   112  ftm.o(.text)
    PIT_Init                                 0x00001919   Thumb Code    88  pit.o(.text)
    PIT_QuickInit                            0x00001971   Thumb Code    20  pit.o(.text)
    PIT_ITDMAConfig                          0x00001985   Thumb Code   116  pit.o(.text)
    PIT_ResetCounter                         0x000019f9   Thumb Code    42  pit.o(.text)
    PIT_GetCounterValue                      0x00001a23   Thumb Code    12  pit.o(.text)
    PIT_CallbackInstall                      0x00001a2f   Thumb Code    22  pit.o(.text)
    PIT0_IRQHandler                          0x00001a6f   Thumb Code    10  pit.o(.text)
    PIT1_IRQHandler                          0x00001a79   Thumb Code    10  pit.o(.text)
    PIT2_IRQHandler                          0x00001a83   Thumb Code    10  pit.o(.text)
    PIT3_IRQHandler                          0x00001a8d   Thumb Code    10  pit.o(.text)
    SPI_CTARConfig                           0x00001b9b   Thumb Code   344  spi.o(.text)
    SPI_Init                                 0x00001cf3   Thumb Code   148  spi.o(.text)
    SPI_EnableTxFIFO                         0x00001d87   Thumb Code    66  spi.o(.text)
    SPI_EnableRxFIFO                         0x00001dc9   Thumb Code    66  spi.o(.text)
    SPI_ITDMAConfig                          0x00001e0b   Thumb Code   200  spi.o(.text)
    SPI_CallbackInstall                      0x00001ed3   Thumb Code    10  spi.o(.text)
    SPI_ReadWriteByte                        0x00001edd   Thumb Code   112  spi.o(.text)
    SPI0_IRQHandler                          0x00001f77   Thumb Code    10  spi.o(.text)
    SPI1_IRQHandler                          0x00001f81   Thumb Code    10  spi.o(.text)
    WDOG_Init                                0x00001fa9   Thumb Code   108  wdog.o(.text)
    WDOG_QuickInit                           0x00002015   Thumb Code    24  wdog.o(.text)
    WDOG_ITDMAConfig                         0x0000202d   Thumb Code    86  wdog.o(.text)
    WDOG_CallbackInstall                     0x00002083   Thumb Code     8  wdog.o(.text)
    WDOG_GetResetCounter                     0x0000208b   Thumb Code     6  wdog.o(.text)
    WDOG_ClearResetCounter                   0x00002091   Thumb Code    10  wdog.o(.text)
    WDOG_GetCurrentCounter                   0x0000209b   Thumb Code    14  wdog.o(.text)
    WDOG_Refresh                             0x000020a9   Thumb Code    32  wdog.o(.text)
    Watchdog_IRQHandler                      0x000020c9   Thumb Code    28  wdog.o(.text)
    ADC_IsConversionCompleted                0x000020f5   Thumb Code    26  adc.o(.text)
    ADC_Calibration                          0x0000210f   Thumb Code   254  adc.o(.text)
    ADC_Init                                 0x0000220d   Thumb Code   662  adc.o(.text)
    ADC_EnableHardwareTrigger                0x000024a3   Thumb Code    58  adc.o(.text)
    ADC_ChlMuxConfig                         0x000024dd   Thumb Code    48  adc.o(.text)
    ADC_QuickInit                            0x0000250d   Thumb Code   146  adc.o(.text)
    ADC_StartConversion                      0x0000259f   Thumb Code    54  adc.o(.text)
    ADC_ReadValue                            0x000025d5   Thumb Code    16  adc.o(.text)
    ADC_QuickReadValue                       0x000025e5   Thumb Code    52  adc.o(.text)
    ADC_ITDMAConfig                          0x00002619   Thumb Code   172  adc.o(.text)
    ADC_CallbackInstall                      0x000026c5   Thumb Code    10  adc.o(.text)
    ADC0_IRQHandler                          0x000026cf   Thumb Code    16  adc.o(.text)
    ADC1_IRQHandler                          0x000026df   Thumb Code    16  adc.o(.text)
    HardwareInit                             0x00002701   Thumb Code   118  main.o(.text)
    main                                     0x00002777   Thumb Code   268  main.o(.text)
    SysTick_Handler                          0x000028cd   Thumb Code    20  kinetis_it.o(.text)
    PORTB_IRQHandler                         0x000028e1   Thumb Code   470  kinetis_it.o(.text)
    PORTA_IRQHandler                         0x00002ab7   Thumb Code    36  kinetis_it.o(.text)
    PORTC_IRQHandler                         0x00002adb   Thumb Code    54  kinetis_it.o(.text)
    PORTD_IRQHandler                         0x00002b11   Thumb Code    54  kinetis_it.o(.text)
    PORTE_IRQHandler                         0x00002b47   Thumb Code    54  kinetis_it.o(.text)
    __aeabi_fadd                             0x00002bc5   Thumb Code   164  fadd.o(.text)
    __aeabi_fsub                             0x00002c69   Thumb Code     6  fadd.o(.text)
    __aeabi_frsub                            0x00002c6f   Thumb Code     6  fadd.o(.text)
    __aeabi_fdiv                             0x00002c75   Thumb Code   128  fdiv.o(.text)
    __aeabi_dadd                             0x00002cf5   Thumb Code   322  dadd.o(.text)
    __aeabi_dsub                             0x00002e37   Thumb Code     6  dadd.o(.text)
    __aeabi_drsub                            0x00002e3d   Thumb Code     6  dadd.o(.text)
    __aeabi_dmul                             0x00002e43   Thumb Code   228  dmul.o(.text)
    __aeabi_ddiv                             0x00002f27   Thumb Code   222  ddiv.o(.text)
    __aeabi_i2f                              0x00003005   Thumb Code    18  fflti.o(.text)
    __aeabi_f2d                              0x00003017   Thumb Code    38  f2d.o(.text)
    __aeabi_cdrcmple                         0x0000303d   Thumb Code    38  cdrcmple.o(.text)
    __aeabi_d2f                              0x00003065   Thumb Code    56  d2f.o(.text)
    __aeabi_llsl                             0x0000309d   Thumb Code    30  llshl.o(.text)
    _ll_shift_l                              0x0000309d   Thumb Code     0  llshl.o(.text)
    __aeabi_lasr                             0x000030bb   Thumb Code    36  llsshr.o(.text)
    _ll_sshift_r                             0x000030bb   Thumb Code     0  llsshr.o(.text)
    __I$use$fp                               0x000030df   Thumb Code     0  iusefp.o(.text)
    _float_round                             0x000030df   Thumb Code    18  fepilogue.o(.text)
    _float_epilogue                          0x000030f1   Thumb Code    90  fepilogue.o(.text)
    _double_round                            0x0000314b   Thumb Code    26  depilogue.o(.text)
    _double_epilogue                         0x00003165   Thumb Code   164  depilogue.o(.text)
    __scatterload                            0x00003209   Thumb Code    28  init.o(.text)
    __scatterload_rt2                        0x00003209   Thumb Code     0  init.o(.text)
    __aeabi_llsr                             0x0000322d   Thumb Code    32  llushr.o(.text)
    _ll_ushift_r                             0x0000322d   Thumb Code     0  llushr.o(.text)
    __scatterload_copy                       0x0000324d   Thumb Code    14  handlers.o(i.__scatterload_copy)
    __scatterload_null                       0x0000325b   Thumb Code     2  handlers.o(i.__scatterload_null)
    __scatterload_zeroinit                   0x0000325d   Thumb Code    14  handlers.o(i.__scatterload_zeroinit)
    SPI_InstanceTable                        0x00003304   Data           4  spi.o(.constdata)
    Region$$Table$$Base                      0x0000338c   Number         0  anon$$obj.o(Region$$Table)
    Region$$Table$$Limit                     0x000033ac   Number         0  anon$$obj.o(Region$$Table)
    SystemCoreClock                          0x1fffe000   Data           4  system_mk20d5.o(.data)
    PeriphBusClock                           0x1fffe004   Data           4  system_mk20d5.o(.data)
    FlashClock                               0x1fffe008   Data           4  system_mk20d5.o(.data)
    __stdout                                 0x1fffe014   Data           4  uart.o(.data)
    __stdin                                  0x1fffe018   Data           4  uart.o(.data)
    g_iRunTime                               0x1fffe020   Data           4  systick.o(.data)
    i                                        0x1fffe034   Data           4  main.o(.data)
    vtemp                                    0x1fffe038   Data           4  main.o(.data)
    temp                                     0x1fffe03c   Data           4  main.o(.data)
    led_fx                                   0x1fffe040   Data           4  kinetis_it.o(.data)
    led_dt                                   0x1fffe044   Data           4  kinetis_it.o(.data)
    a_start                                  0x1fffe048   Data           4  kinetis_it.o(.data)
    a_end                                    0x1fffe04c   Data           4  kinetis_it.o(.data)
    a_value                                  0x1fffe050   Data           4  kinetis_it.o(.data)
    __initial_sp                             0x1fffe490   Data           0  startup_mk20d5.o(STACK)



==============================================================================

Memory Map of the image

  Image Entry point : 0x00000411

  Load Region LR_IROM1 (Base: 0x00000000, Size: 0x00003400, Max: 0x00010000, ABSOLUTE)

    Execution Region ER_IROM1 (Base: 0x00000000, Size: 0x000033ac, Max: 0x00010000, ABSOLUTE)

    Base Addr    Size         Type   Attr      Idx    E Section Name        Object

    0x00000000   0x00000400   Data   RO           51    RESET               startup_mk20d5.o
    0x00000400   0x00000010   Code   RO           52    .ARM.__at_0x400     startup_mk20d5.o
    0x00000410   0x00000000   Code   RO          431  * .ARM.Collect$$$$00000000  mc_w.l(entry.o)
    0x00000410   0x00000004   Code   RO          452    .ARM.Collect$$$$00000001  mc_w.l(entry2.o)
    0x00000414   0x00000004   Code   RO          455    .ARM.Collect$$$$00000004  mc_w.l(entry5.o)
    0x00000418   0x00000000   Code   RO          457    .ARM.Collect$$$$00000008  mc_w.l(entry7b.o)
    0x00000418   0x00000000   Code   RO          459    .ARM.Collect$$$$0000000A  mc_w.l(entry8b.o)
    0x00000418   0x00000008   Code   RO          460    .ARM.Collect$$$$0000000B  mc_w.l(entry9a.o)
    0x00000420   0x00000000   Code   RO          462    .ARM.Collect$$$$0000000D  mc_w.l(entry10a.o)
    0x00000420   0x00000000   Code   RO          464    .ARM.Collect$$$$0000000F  mc_w.l(entry11a.o)
    0x00000420   0x00000004   Code   RO          453    .ARM.Collect$$$$00002712  mc_w.l(entry2.o)
    0x00000424   0x00000228   Code   RO            3    .text               system_mk20d5.o
    0x0000064c   0x00000024   Code   RO           53    .text               startup_mk20d5.o
    0x00000670   0x000008c4   Code   RO           61    .text               uart.o
    0x00000f34   0x000005cc   Code   RO          114    .text               gpio.o
    0x00001500   0x000000cc   Code   RO          144    .text               systick.o
    0x000015cc   0x0000034c   Code   RO          170    .text               ftm.o
    0x00001918   0x000001a0   Code   RO          224    .text               pit.o
    0x00001ab8   0x000004dc   Code   RO          251    .text               spi.o
    0x00001f94   0x00000160   Code   RO          320    .text               wdog.o
    0x000020f4   0x0000060c   Code   RO          345    .text               adc.o
    0x00002700   0x000001cc   Code   RO          371    .text               main.o
    0x000028cc   0x000002f8   Code   RO          404    .text               kinetis_it.o
    0x00002bc4   0x000000b0   Code   RO          434    .text               mf_w.l(fadd.o)
    0x00002c74   0x00000080   Code   RO          436    .text               mf_w.l(fdiv.o)
    0x00002cf4   0x0000014e   Code   RO          438    .text               mf_w.l(dadd.o)
    0x00002e42   0x000000e4   Code   RO          440    .text               mf_w.l(dmul.o)
    0x00002f26   0x000000de   Code   RO          442    .text               mf_w.l(ddiv.o)
    0x00003004   0x00000012   Code   RO          444    .text               mf_w.l(fflti.o)
    0x00003016   0x00000026   Code   RO          446    .text               mf_w.l(f2d.o)
    0x0000303c   0x00000028   Code   RO          448    .text               mf_w.l(cdrcmple.o)
    0x00003064   0x00000038   Code   RO          450    .text               mf_w.l(d2f.o)
    0x0000309c   0x0000001e   Code   RO          466    .text               mc_w.l(llshl.o)
    0x000030ba   0x00000024   Code   RO          468    .text               mc_w.l(llsshr.o)
    0x000030de   0x00000000   Code   RO          470    .text               mc_w.l(iusefp.o)
    0x000030de   0x0000006c   Code   RO          471    .text               mf_w.l(fepilogue.o)
    0x0000314a   0x000000be   Code   RO          473    .text               mf_w.l(depilogue.o)
    0x00003208   0x00000024   Code   RO          475    .text               mc_w.l(init.o)
    0x0000322c   0x00000020   Code   RO          477    .text               mc_w.l(llushr.o)
    0x0000324c   0x0000000e   Code   RO          481    i.__scatterload_copy  mc_w.l(handlers.o)
    0x0000325a   0x00000002   Code   RO          482    i.__scatterload_null  mc_w.l(handlers.o)
    0x0000325c   0x0000000e   Code   RO          483    i.__scatterload_zeroinit  mc_w.l(handlers.o)
    0x0000326a   0x00000002   PAD
    0x0000326c   0x00000050   Data   RO           63    .constdata          uart.o
    0x000032bc   0x00000041   Data   RO          116    .constdata          gpio.o
    0x000032fd   0x00000004   Data   RO          226    .constdata          pit.o
    0x00003301   0x00000003   PAD
    0x00003304   0x00000064   Data   RO          252    .constdata          spi.o
    0x00003368   0x00000011   Data   RO          346    .constdata          adc.o
    0x00003379   0x00000011   Data   RO           64    .conststring        uart.o
    0x0000338a   0x00000002   PAD
    0x0000338c   0x00000020   Data   RO          479    Region$$Table       anon$$obj.o


    Execution Region RW_IRAM1 (Base: 0x1fffe000, Size: 0x00000490, Max: 0x00002000, ABSOLUTE)

    Base Addr    Size         Type   Attr      Idx    E Section Name        Object

    0x1fffe000   0x0000000c   Data   RW            4    .data               system_mk20d5.o
    0x1fffe00c   0x00000010   Data   RW           65    .data               uart.o
    0x1fffe01c   0x00000008   Data   RW          145    .data               systick.o
    0x1fffe024   0x00000004   Data   RW          227    .data               pit.o
    0x1fffe028   0x00000004   Data   RW          253    .data               spi.o
    0x1fffe02c   0x00000004   Data   RW          321    .data               wdog.o
    0x1fffe030   0x00000004   Data   RW          347    .data               adc.o
    0x1fffe034   0x0000000c   Data   RW          372    .data               main.o
    0x1fffe040   0x00000014   Data   RW          405    .data               kinetis_it.o
    0x1fffe054   0x00000018   Zero   RW           62    .bss                uart.o
    0x1fffe06c   0x00000014   Zero   RW          115    .bss                gpio.o
    0x1fffe080   0x00000010   Zero   RW          225    .bss                pit.o
    0x1fffe090   0x00000400   Zero   RW           49    STACK               startup_mk20d5.o


==============================================================================

Image component sizes


      Code (inc. data)   RO Data    RW Data    ZI Data      Debug   Object Name

      1548         36         17          4          0       7251   adc.o
       844         36          0          0          0       3292   ftm.o
      1484         88         65          0         20      27188   gpio.o
       760         72          0         20          0       1809   kinetis_it.o
       460         74          0         12          0        987   main.o
       416         34          4          4         16       3418   pit.o
      1244         46        100          4          0       6014   spi.o
        52         24       1024          0       1024        940   startup_mk20d5.o
       552         46          0         12          0     150307   system_mk20d5.o
       204         22          0          8          0       3620   systick.o
      2244         76         97         16         24      34313   uart.o
       352         16          0          4          0       3305   wdog.o

    ----------------------------------------------------------------------
     10160        570       1344         84       1084     242444   Object Totals
         0          0         32          0          0          0   (incl. Generated)
         0          0          5          0          0          0   (incl. Padding)

    ----------------------------------------------------------------------

      Code (inc. data)   RO Data    RW Data    ZI Data      Debug   Library Member Name

         0          0          0          0          0          0   entry.o
         0          0          0          0          0          0   entry10a.o
         0          0          0          0          0          0   entry11a.o
         8          4          0          0          0          0   entry2.o
         4          0          0          0          0          0   entry5.o
         0          0          0          0          0          0   entry7b.o
         0          0          0          0          0          0   entry8b.o
         8          4          0          0          0          0   entry9a.o
        30          0          0          0          0          0   handlers.o
        36          8          0          0          0         68   init.o
         0          0          0          0          0          0   iusefp.o
        30          0          0          0          0         68   llshl.o
        36          0          0          0          0         68   llsshr.o
        32          0          0          0          0         68   llushr.o
        40          2          0          0          0         68   cdrcmple.o
        56          0          0          0          0         88   d2f.o
       334          0          0          0          0        148   dadd.o
       222          0          0          0          0        100   ddiv.o
       190          0          0          0          0        176   depilogue.o
       228          0          0          0          0         96   dmul.o
        38          0          0          0          0         68   f2d.o
       176          0          0          0          0        140   fadd.o
       128          0          0          0          0         88   fdiv.o
       108          0          0          0          0        168   fepilogue.o
        18          0          0          0          0         68   fflti.o

    ----------------------------------------------------------------------
      1724         18          0          0          0       1480   Library Totals
         2          0          0          0          0          0   (incl. Padding)

    ----------------------------------------------------------------------

      Code (inc. data)   RO Data    RW Data    ZI Data      Debug   Library Name

       184         16          0          0          0        272   mc_w.l
      1538          2          0          0          0       1208   mf_w.l

    ----------------------------------------------------------------------
      1724         18          0          0          0       1480   Library Totals

    ----------------------------------------------------------------------

==============================================================================


      Code (inc. data)   RO Data    RW Data    ZI Data      Debug   

     11884        588       1344         84       1084     242260   Grand Totals
     11884        588       1344         84       1084     242260   ELF Image Totals
     11884        588       1344         84          0          0   ROM Totals

==============================================================================

    Total RO  Size (Code + RO Data)                13228 (  12.92kB)
    Total RW  Size (RW Data + ZI Data)              1168 (   1.14kB)
    Total ROM Size (Code + RO Data + RW Data)      13312 (  13.00kB)

==============================================================================

